 hiredis

 Timestamp is 591728d7 (Sat May 13 18:40:07 2017)

 Preferred load address is 0000000180000000

 Start         Length     Name                   Class
 0001:00000000 000155c0H .text$mn                CODE
 0001:000155c0 00000020H .text$mn$00             CODE
 0001:000155e0 00000270H .text$x                 CODE
 0002:00000000 000003e8H .idata$5                DATA
 0002:000003e8 00000010H .00cfg                  DATA
 0002:000003f8 00000008H .CRT$XCA                DATA
 0002:00000400 00000008H .CRT$XCU                DATA
 0002:00000408 00000008H .CRT$XCZ                DATA
 0002:00000410 00000008H .CRT$XIA                DATA
 0002:00000418 00000018H .CRT$XIC                DATA
 0002:00000430 00000008H .CRT$XIZ                DATA
 0002:00000438 00000008H .CRT$XPA                DATA
 0002:00000440 00000010H .CRT$XPX                DATA
 0002:00000450 00000008H .CRT$XPXA               DATA
 0002:00000458 00000008H .CRT$XPZ                DATA
 0002:00000460 00000008H .CRT$XTA                DATA
 0002:00000468 00000008H .CRT$XTZ                DATA
 0002:00000470 00008848H .rdata                  DATA
 0002:00008cb8 000001f4H .rdata$r                DATA
 0002:00008eac 0000037cH .rdata$zzzdbg           DATA
 0002:00009228 00000008H .rtc$IAA                DATA
 0002:00009230 00000008H .rtc$IZZ                DATA
 0002:00009238 00000008H .rtc$TAA                DATA
 0002:00009240 00000008H .rtc$TZZ                DATA
 0002:00009248 000011d8H .xdata                  DATA
 0002:0000a420 000000f0H .xdata$x                DATA
 0002:0000a510 00000054H .edata                  DATA
 0002:0000a564 00000028H .idata$2                DATA
 0002:0000a58c 00000014H .idata$3                DATA
 0002:0000a5a0 000003e8H .idata$4                DATA
 0002:0000a988 00001324H .idata$6                DATA
 0003:00000000 00000998H .data                   DATA
 0003:00000998 000000a8H .data$r                 DATA
 0003:00000a40 000011c8H .bss                    DATA
 0004:00000000 00001578H .pdata                  DATA
 0005:00000000 00000084H .gfids$x                DATA
 0005:00000084 00000030H .gfids$y                DATA
 0006:00000000 00000060H .rsrc$01                DATA
 0006:00000060 00000180H .rsrc$02                DATA

  Address         Publics by Value              Rva+Base               Lib:Object

 0000:00000000       __dynamic_value_reloc_table 0000000000000000     <absolute>
 0000:00000000       __guard_iat_count          0000000000000000     <absolute>
 0000:00000000       __guard_longjmp_table      0000000000000000     <absolute>
 0000:00000000       __guard_longjmp_count      0000000000000000     <absolute>
 0000:00000000       __guard_iat_table          0000000000000000     <absolute>
 0000:00000000       __guard_fids_count         0000000000000000     <absolute>
 0000:00000000       ___safe_se_handler_table   0000000000000000     <absolute>
 0000:00000000       ___safe_se_handler_count   0000000000000000     <absolute>
 0000:00000000       __guard_fids_table         0000000000000000     <absolute>
 0000:00000100       __guard_flags              0000000000000100     <absolute>
 0000:00000000       __ImageBase                0000000180000000     <linker-defined>
 0001:000000f0       ?New@?$Factory@VFunctionTemplate@v8@@@imp@Nan@@SA?AV?$Local@VFunctionTemplate@v8@@@v8@@P6AXAEBV?$FunctionCallbackInfo@VValue@v8@@@3@@ZV?$Local@VValue@v8@@@5@V?$Local@VSignature@v8@@@5@@Z 00000001800010f0 f i reader.obj
 0001:000002d0       ?ThrowError@Nan@@YAXPEBD@Z 00000001800012d0 f i reader.obj
 0001:00000360       ?ThrowTypeError@Nan@@YAXPEBD@Z 0000000180001360 f i reader.obj
 0001:000003f0       ??0Utf8String@Nan@@QEAA@V?$Local@VValue@v8@@@v8@@@Z 00000001800013f0 f i reader.obj
 0001:00000500       ?SetPrototypeMethod@Nan@@YAXV?$Local@VFunctionTemplate@v8@@@v8@@PEBDP6AXAEBV?$FunctionCallbackInfo@VValue@v8@@@1@@Z@Z 0000000180001500 f i reader.obj
 0001:000005f0       ?Wrap@ObjectWrap@Nan@@IEAAXV?$Local@VObject@v8@@@v8@@@Z 00000001800015f0 f i reader.obj
 0001:000006d0       ?Ref@ObjectWrap@Nan@@MEAAXXZ 00000001800016d0 f i reader.obj
 0001:00000710       ?Unref@ObjectWrap@Nan@@MEAAXXZ 0000000180001710 f i reader.obj
 0001:000007c0       ?WeakCallback@ObjectWrap@Nan@@CAXAEBV?$WeakCallbackInfo@VObjectWrap@Nan@@@v8@@@Z 00000001800017c0 f i reader.obj
 0001:00000850       ??_GObjectWrap@Nan@@UEAAPEAXI@Z 0000000180001850 f i reader.obj
 0001:00000850       ??_EObjectWrap@Nan@@UEAAPEAXI@Z 0000000180001850 f i * CIL library *:* CIL module *
 0001:00000cb0       ??0Reader@hiredis@@QEAA@_N@Z 0000000180001cb0 f   reader.obj
 0001:00000d50       ??_EReader@hiredis@@UEAAPEAXI@Z 0000000180001d50 f i * CIL library *:* CIL module *
 0001:00000d50       ??_GReader@hiredis@@UEAAPEAXI@Z 0000000180001d50 f i reader.obj
 0001:00000d90       ??1Reader@hiredis@@UEAA@XZ 0000000180001d90 f   reader.obj
 0001:00000e60       ?New@Reader@hiredis@@SAXAEBV?$FunctionCallbackInfo@VValue@v8@@@Nan@@@Z 0000000180001e60 f   reader.obj
 0001:00001060       ?Initialize@Reader@hiredis@@SAXV?$Local@VObject@v8@@@v8@@@Z 0000000180002060 f   reader.obj
 0001:00001280       ?Feed@Reader@hiredis@@SAXAEBV?$FunctionCallbackInfo@VValue@v8@@@Nan@@@Z 0000000180002280 f   reader.obj
 0001:00001470       ?Get@Reader@hiredis@@SAXAEBV?$FunctionCallbackInfo@VValue@v8@@@Nan@@@Z 0000000180002470 f   reader.obj
 0001:00001570       ??$Unwrap@VReader@hiredis@@@ObjectWrap@Nan@@SAPEAVReader@hiredis@@V?$Local@VObject@v8@@@v8@@@Z 0000000180002570 f i reader.obj
 0001:000015f0       __local_stdio_printf_options 00000001800025f0 f i hiredis-c:read.obj
 0001:00001600       c99_vsnprintf              0000000180002600 f i hiredis-c:read.obj
 0001:000016b0       c99_snprintf               00000001800026b0 f i hiredis-c:read.obj
 0001:000021c0       redisReaderCreateWithFunctions 00000001800031c0 f   hiredis-c:read.obj
 0001:00002240       redisReaderFeed            0000000180003240 f   hiredis-c:read.obj
 0001:00002340       redisReaderGetReply        0000000180003340 f   hiredis-c:read.obj
 0001:00002460       sdsempty                   0000000180003460 f   hiredis-c:sds.obj
 0001:00002490       sdscatlen                  0000000180003490 f   hiredis-c:sds.obj
 0001:00002540       sdsrange                   0000000180003540 f   hiredis-c:sds.obj
 0001:000025f0       __security_check_cookie    00000001800035f0 f   LIBCMT:_amdsecgs_.obj
 0001:00002614       ??2@YAPEAX_K@Z             0000000180003614 f   LIBCMT:new_scalar.obj
 0001:00002650       ??3@YAXPEAX_K@Z            0000000180003650 f   LIBCMT:delete_scalar_size.obj
 0001:000029a4       _DllMainCRTStartup         00000001800039a4 f   LIBCMT:dll_dllmain.obj
 0001:000029e4       __raise_securityfailure    00000001800039e4 f   LIBCMT:gs_report.obj
 0001:00002a18       __report_gsfailure         0000000180003a18 f   LIBCMT:gs_report.obj
 0001:00002aec       __report_rangecheckfailure 0000000180003aec f   LIBCMT:gs_report.obj
 0001:00002b00       __report_securityfailure   0000000180003b00 f   LIBCMT:gs_report.obj
 0001:00002c80       ??0bad_alloc@std@@QEAA@AEBV01@@Z 0000000180003c80 f i LIBCMT:throw_bad_alloc.obj
 0001:00002cc0       ??0bad_alloc@std@@QEAA@XZ  0000000180003cc0 f i LIBCMT:throw_bad_alloc.obj
 0001:00002ce0       ??0bad_array_new_length@std@@QEAA@AEBV01@@Z 0000000180003ce0 f i LIBCMT:throw_bad_alloc.obj
 0001:00002d20       ??0bad_array_new_length@std@@QEAA@XZ 0000000180003d20 f i LIBCMT:throw_bad_alloc.obj
 0001:00002d40       ??0exception@std@@QEAA@AEBV01@@Z 0000000180003d40 f i LIBCMT:throw_bad_alloc.obj
 0001:00002d78       ??1bad_alloc@std@@UEAA@XZ  0000000180003d78 f i LIBCMT:throw_bad_alloc.obj
 0001:00002d78       ??1bad_array_new_length@std@@UEAA@XZ 0000000180003d78 f i LIBCMT:throw_bad_alloc.obj
 0001:00002d8c       ??_Ebad_alloc@std@@UEAAPEAXI@Z 0000000180003d8c f i LIBCMT:throw_bad_alloc.obj
 0001:00002d8c       ??_Gbad_alloc@std@@UEAAPEAXI@Z 0000000180003d8c f i LIBCMT:throw_bad_alloc.obj
 0001:00002d8c       ??_Gbad_array_new_length@std@@UEAAPEAXI@Z 0000000180003d8c f i LIBCMT:throw_bad_alloc.obj
 0001:00002d8c       ??_Gexception@std@@UEAAPEAXI@Z 0000000180003d8c f i LIBCMT:throw_bad_alloc.obj
 0001:00002d8c       ??_Eexception@std@@UEAAPEAXI@Z 0000000180003d8c f i LIBCMT:throw_bad_alloc.obj
 0001:00002d8c       ??_Ebad_array_new_length@std@@UEAAPEAXI@Z 0000000180003d8c f i LIBCMT:throw_bad_alloc.obj
 0001:00002dd0       ?__scrt_throw_std_bad_alloc@@YAXXZ 0000000180003dd0 f   LIBCMT:throw_bad_alloc.obj
 0001:00002df0       ?__scrt_throw_std_bad_array_new_length@@YAXXZ 0000000180003df0 f   LIBCMT:throw_bad_alloc.obj
 0001:00002e10       ?what@exception@std@@UEBAPEBDXZ 0000000180003e10 f i LIBCMT:throw_bad_alloc.obj
 0001:00002e24       ??3@YAXPEAX@Z              0000000180003e24 f   LIBCMT:delete_scalar.obj
 0001:00002e2c       __scrt_acquire_startup_lock 0000000180003e2c f   LIBCMT:utility.obj
 0001:00002e68       __scrt_dllmain_after_initialize_c 0000000180003e68 f   LIBCMT:utility.obj
 0001:00002e9c       __scrt_dllmain_before_initialize_c 0000000180003e9c f   LIBCMT:utility.obj
 0001:00002eb4       __scrt_dllmain_crt_thread_attach 0000000180003eb4 f   LIBCMT:utility.obj
 0001:00002edc       __scrt_dllmain_crt_thread_detach 0000000180003edc f   LIBCMT:utility.obj
 0001:00002ef4       __scrt_dllmain_exception_filter 0000000180003ef4 f   LIBCMT:utility.obj
 0001:00002f58       __scrt_dllmain_uninitialize_c 0000000180003f58 f   LIBCMT:utility.obj
 0001:00002f88       __scrt_dllmain_uninitialize_critical 0000000180003f88 f   LIBCMT:utility.obj
 0001:00002f9c       __scrt_initialize_crt      0000000180003f9c f   LIBCMT:utility.obj
 0001:00002fe8       __scrt_initialize_onexit_tables 0000000180003fe8 f   LIBCMT:utility.obj
 0001:000030b4       __scrt_is_nonwritable_in_current_image 00000001800040b4 f   LIBCMT:utility.obj
 0001:00003150       __scrt_release_startup_lock 0000000180004150 f   LIBCMT:utility.obj
 0001:00003174       __scrt_uninitialize_crt    0000000180004174 f   LIBCMT:utility.obj
 0001:000031a0       _onexit                    00000001800041a0 f   LIBCMT:utility.obj
 0001:000031f0       atexit                     00000001800041f0 f   LIBCMT:utility.obj
 0001:00003208       __security_init_cookie     0000000180004208 f   LIBCMT:gs_support.obj
 0001:000032b4       ?__scrt_initialize_type_info@@YAXXZ 00000001800042b4 f   LIBCMT:tncleanup.obj
 0001:000032c4       ?__scrt_uninitialize_type_info@@YAXXZ 00000001800042c4 f   LIBCMT:tncleanup.obj
 0001:000032d0       __local_stdio_scanf_options 00000001800042d0 f i LIBCMT:default_local_stdio_options.obj
 0001:000032d8       __scrt_initialize_default_local_stdio_options 00000001800042d8 f   LIBCMT:default_local_stdio_options.obj
 0001:000032f4       __scrt_get_dyn_tls_init_callback 00000001800042f4 f   LIBCMT:dyn_tls_init.obj
 0001:000032fc       __crt_debugger_hook        00000001800042fc f   LIBCMT:utility_desktop.obj
 0001:00003304       __scrt_fastfail            0000000180004304 f   LIBCMT:utility_desktop.obj
 0001:0000344c       _RTC_Initialize            000000018000444c f   LIBCMT:_initsect_.obj
 0001:00003498       _RTC_Terminate             0000000180004498 f   LIBCMT:_initsect_.obj
 0001:000034e4       _guard_check_icall         00000001800044e4 f i LIBCMT:checkcfg.obj
 0001:000034ec       ??_Gtype_info@@UEAAPEAXI@Z 00000001800044ec f i LIBCMT:std_type_info_static.obj
 0001:000034ec       ??_Etype_info@@UEAAPEAXI@Z 00000001800044ec f i LIBCMT:std_type_info_static.obj
 0001:00003518       __isa_available_init       0000000180004518 f   LIBCMT:_cpu_disp_.obj
 0001:000036e0       DllMain                    00000001800046e0 f   LIBCMT:dll_dllmain_stub.obj
 0001:000036e0       _get_startup_argv_mode     00000001800046e0 f   LIBCMT:argv_mode.obj
 0001:000036e8       __scrt_is_ucrt_dll_in_use  00000001800046e8 f   LIBCMT:ucrt_detection.obj
 0001:000036f4       __except_validate_context_record 00000001800046f4 f i libvcruntime:jbcxrval.obj
 0001:000036f4       _guard_check_icall_nop     00000001800046f4 f i LIBCMT:guard_support.obj
 0001:00003710       memcpy                     0000000180004710 f   libvcruntime:memcpy.obj
 0001:00003710       memmove                    0000000180004710 f   libvcruntime:memcpy.obj
 0001:00003b48       __C_specific_handler       0000000180004b48 f   libvcruntime:_chandler_.obj
 0001:00003d44       __std_exception_copy       0000000180004d44 f   libvcruntime:std_exception.obj
 0001:00003dd4       __std_exception_destroy    0000000180004dd4 f   libvcruntime:std_exception.obj
 0001:00003dfc       _CxxThrowException         0000000180004dfc f   libvcruntime:throw.obj
 0001:00003ed4       __vcrt_initialize          0000000180004ed4 f   libvcruntime:initialization.obj
 0001:00003f08       __vcrt_thread_attach       0000000180004f08 f   libvcruntime:initialization.obj
 0001:00003f1c       __vcrt_thread_detach       0000000180004f1c f   libvcruntime:initialization.obj
 0001:00003f30       __vcrt_uninitialize        0000000180004f30 f   libvcruntime:initialization.obj
 0001:00003f50       __vcrt_uninitialize_critical 0000000180004f50 f   libvcruntime:initialization.obj
 0001:00003f60       __std_type_info_destroy_list 0000000180004f60 f   libvcruntime:std_type_info.obj
 0001:00003fa0       memset                     0000000180004fa0 f   libvcruntime:memset.obj
 0001:00004150       _local_unwind              0000000180005150 f   libvcruntime:_jmpuwind_.obj
 0001:00004180       _NLG_Notify                0000000180005180 f   libvcruntime:_jmpuwind_.obj
 0001:000041a0       __NLG_Dispatch2            00000001800051a0 f   libvcruntime:_jmpuwind_.obj
 0001:000041b0       __NLG_Return2              00000001800051b0 f   libvcruntime:_jmpuwind_.obj
 0001:000041b4       __vcrt_freefls             00000001800051b4 f   libvcruntime:per_thread_data.obj
 0001:000041d4       __vcrt_freeptd             00000001800051d4 f   libvcruntime:per_thread_data.obj
 0001:00004224       __vcrt_getptd_noexit       0000000180005224 f   libvcruntime:per_thread_data.obj
 0001:000042dc       __vcrt_initialize_ptd      00000001800052dc f   libvcruntime:per_thread_data.obj
 0001:0000431c       __vcrt_uninitialize_ptd    000000018000531c f   libvcruntime:per_thread_data.obj
 0001:00004340       __vcrt_initialize_locks    0000000180005340 f   libvcruntime:locks.obj
 0001:00004388       __vcrt_uninitialize_locks  0000000180005388 f   libvcruntime:locks.obj
 0001:00004588       __vcrt_FlsAlloc            0000000180005588 f   libvcruntime:winapi_downlevel.obj
 0001:000045dc       __vcrt_FlsFree             00000001800055dc f   libvcruntime:winapi_downlevel.obj
 0001:00004630       __vcrt_FlsGetValue         0000000180005630 f   libvcruntime:winapi_downlevel.obj
 0001:00004684       __vcrt_FlsSetValue         0000000180005684 f   libvcruntime:winapi_downlevel.obj
 0001:000046ec       __vcrt_InitializeCriticalSectionEx 00000001800056ec f   libvcruntime:winapi_downlevel.obj
 0001:00004764       __vcrt_initialize_winapi_thunks 0000000180005764 f   libvcruntime:winapi_downlevel.obj
 0001:000047b0       __vcrt_uninitialize_winapi_thunks 00000001800057b0 f   libvcruntime:winapi_downlevel.obj
 0001:000047f0       __vcrt_initialize_pure_virtual_call_handler 00000001800057f0 f   libvcruntime:purevirt_data.obj
 0001:00004814       free                       0000000180005814 f   libucrt:free.obj
 0001:00005204       ??$ftprintf@PEAU_iobuf@@PEB_WAEBQEB_WAEBQEB_WAEBI@?$__crt_char_traits@_W@@SAH$$QEAPEAU_iobuf@@$$QEAPEB_WAEBQEB_W2AEBI@Z 0000000180006204 f i libucrt:assert.obj
 0001:0000522c       _wassert                   000000018000622c f   libucrt:assert.obj
 0001:000052b0       fwprintf                   00000001800062b0 f i libucrt:assert.obj
 0001:000052f4       swprintf                   00000001800062f4 f i libucrt:assert.obj
 0001:00005348       malloc                     0000000180006348 f   libucrt:malloc.obj
 0001:00005350       ??0_LocaleUpdate@@QEAA@QEAU__crt_locale_pointers@@@Z 0000000180006350 f i libucrt:stricmp.obj
 0001:000053e0       calloc                     00000001800063e0 f   libucrt:calloc.obj
 0001:000053e8       isdigit                    00000001800063e8 f i libucrt:_ctype.obj
 0001:0000545c       isprint                    000000018000645c f i libucrt:_ctype.obj
 0001:000054d8       ??$?RV<lambda_7b91131dde12e1c3dfc74ff76b3f2eac>@@AEAV<lambda_dd75445284c072d0bd3768540cc698fa>@@V<lambda_16bc4ecb55b4718497c16bceaea2ceaf>@@@?$__crt_seh_guarded_call@H@@QEAAH$$QEAV<lambda_7b91131dde12e1c3dfc74ff76b3f2eac>@@AEAV<lambda_dd75445284c072d0bd3768540cc698fa>@@$$QEAV<lambda_16bc4ecb55b4718497c16bceaea2ceaf>@@@Z 00000001800064d8 f i libucrt:output.obj
 0001:000056c0       ??$ensure_buffer_is_big_enough@D@formatting_buffer@__crt_stdio_output@@QEAA_N_K@Z 00000001800066c0 f i libucrt:output.obj
 0001:0000576c       ??$is_wide_character_specifier@D@__crt_stdio_output@@YA_N_KDW4length_modifier@0@@Z 000000018000676c f i libucrt:output.obj
 0001:0000579c       ??$is_wide_character_specifier@_W@__crt_stdio_output@@YA_N_K_WW4length_modifier@0@@Z 000000018000679c f i libucrt:output.obj
 0001:000057e0       ??$type_case_integer_parse_into_buffer@I@?$output_processor@_WV?$stream_output_adapter@_W@__crt_stdio_output@@V?$standard_base@_WV?$stream_output_adapter@_W@__crt_stdio_output@@@2@@__crt_stdio_output@@AEAAXII_N@Z 00000001800067e0 f i libucrt:output.obj
 0001:000057e0       ??$type_case_integer_parse_into_buffer@I@?$output_processor@DV?$string_output_adapter@D@__crt_stdio_output@@V?$format_validation_base@DV?$string_output_adapter@D@__crt_stdio_output@@@2@@__crt_stdio_output@@AEAAXII_N@Z 00000001800067e0 f i libucrt:output.obj
 0001:000057e0       ??$type_case_integer_parse_into_buffer@I@?$output_processor@_WV?$string_output_adapter@_W@__crt_stdio_output@@V?$standard_base@_WV?$string_output_adapter@_W@__crt_stdio_output@@@2@@__crt_stdio_output@@AEAAXII_N@Z 00000001800067e0 f i libucrt:output.obj
 0001:000057e0       ??$type_case_integer_parse_into_buffer@I@?$output_processor@DV?$string_output_adapter@D@__crt_stdio_output@@V?$standard_base@DV?$string_output_adapter@D@__crt_stdio_output@@@2@@__crt_stdio_output@@AEAAXII_N@Z 00000001800067e0 f i libucrt:output.obj
 0001:0000587c       ??$type_case_integer_parse_into_buffer@_K@?$output_processor@DV?$string_output_adapter@D@__crt_stdio_output@@V?$standard_base@DV?$string_output_adapter@D@__crt_stdio_output@@@2@@__crt_stdio_output@@AEAAX_KI_N@Z 000000018000687c f i libucrt:output.obj
 0001:0000587c       ??$type_case_integer_parse_into_buffer@_K@?$output_processor@_WV?$stream_output_adapter@_W@__crt_stdio_output@@V?$standard_base@_WV?$stream_output_adapter@_W@__crt_stdio_output@@@2@@__crt_stdio_output@@AEAAX_KI_N@Z 000000018000687c f i libucrt:output.obj
 0001:0000587c       ??$type_case_integer_parse_into_buffer@_K@?$output_processor@DV?$string_output_adapter@D@__crt_stdio_output@@V?$format_validation_base@DV?$string_output_adapter@D@__crt_stdio_output@@@2@@__crt_stdio_output@@AEAAX_KI_N@Z 000000018000687c f i libucrt:output.obj
 0001:0000587c       ??$type_case_integer_parse_into_buffer@_K@?$output_processor@_WV?$string_output_adapter@_W@__crt_stdio_output@@V?$standard_base@_WV?$string_output_adapter@_W@__crt_stdio_output@@@2@@__crt_stdio_output@@AEAAX_KI_N@Z 000000018000687c f i libucrt:output.obj
 0001:00005918       ??$write_multiple_characters@V?$stream_output_adapter@_W@__crt_stdio_output@@D@__crt_stdio_output@@YAXAEBV?$stream_output_adapter@_W@0@DHQEAH@Z 0000000180006918 f i libucrt:output.obj
 0001:000059a8       ??$write_multiple_characters@V?$string_output_adapter@D@__crt_stdio_output@@D@__crt_stdio_output@@YAXAEBV?$string_output_adapter@D@0@DHQEAH@Z 00000001800069a8 f i libucrt:output.obj
 0001:00005a04       ??$write_multiple_characters@V?$string_output_adapter@_W@__crt_stdio_output@@D@__crt_stdio_output@@YAXAEBV?$string_output_adapter@_W@0@DHQEAH@Z 0000000180006a04 f i libucrt:output.obj
 0001:00005a74       ??0?$output_processor@DV?$string_output_adapter@D@__crt_stdio_output@@V?$standard_base@DV?$string_output_adapter@D@__crt_stdio_output@@@2@@__crt_stdio_output@@QEAA@AEBV?$string_output_adapter@D@1@_KQEBDQEAU__crt_locale_pointers@@QEAD@Z 0000000180006a74 f i libucrt:output.obj
 0001:00005a74       ??0?$output_processor@DV?$string_output_adapter@D@__crt_stdio_output@@V?$format_validation_base@DV?$string_output_adapter@D@__crt_stdio_output@@@2@@__crt_stdio_output@@QEAA@AEBV?$string_output_adapter@D@1@_KQEBDQEAU__crt_locale_pointers@@QEAD@Z 0000000180006a74 f i libucrt:output.obj
 0001:00005af0       ??0?$output_processor@_WV?$stream_output_adapter@_W@__crt_stdio_output@@V?$standard_base@_WV?$stream_output_adapter@_W@__crt_stdio_output@@@2@@__crt_stdio_output@@QEAA@AEBV?$stream_output_adapter@_W@1@_KQEB_WQEAU__crt_locale_pointers@@QEAD@Z 0000000180006af0 f i libucrt:output.obj
 0001:00005af0       ??0?$output_processor@_WV?$string_output_adapter@_W@__crt_stdio_output@@V?$standard_base@_WV?$string_output_adapter@_W@__crt_stdio_output@@@2@@__crt_stdio_output@@QEAA@AEBV?$string_output_adapter@_W@1@_KQEB_WQEAU__crt_locale_pointers@@QEAD@Z 0000000180006af0 f i libucrt:output.obj
 0001:00005c60       ?force_decimal_point@__crt_stdio_output@@YAXPEADQEAU__crt_locale_pointers@@@Z 0000000180006c60 f i libucrt:output.obj
 0001:00005cd0       ?parse_int_from_format_string@?$output_processor@DV?$string_output_adapter@D@__crt_stdio_output@@V?$format_validation_base@DV?$string_output_adapter@D@__crt_stdio_output@@@2@@__crt_stdio_output@@AEAA_NQEAH@Z 0000000180006cd0 f i libucrt:output.obj
 0001:00005cd0       ?parse_int_from_format_string@?$output_processor@DV?$string_output_adapter@D@__crt_stdio_output@@V?$standard_base@DV?$string_output_adapter@D@__crt_stdio_output@@@2@@__crt_stdio_output@@AEAA_NQEAH@Z 0000000180006cd0 f i libucrt:output.obj
 0001:00005d54       ?parse_int_from_format_string@?$output_processor@_WV?$stream_output_adapter@_W@__crt_stdio_output@@V?$standard_base@_WV?$stream_output_adapter@_W@__crt_stdio_output@@@2@@__crt_stdio_output@@AEAA_NQEAH@Z 0000000180006d54 f i libucrt:output.obj
 0001:00005d54       ?parse_int_from_format_string@?$output_processor@_WV?$string_output_adapter@_W@__crt_stdio_output@@V?$standard_base@_WV?$string_output_adapter@_W@__crt_stdio_output@@@2@@__crt_stdio_output@@AEAA_NQEAH@Z 0000000180006d54 f i libucrt:output.obj
 0001:00005dd4       ?process@?$output_processor@DV?$string_output_adapter@D@__crt_stdio_output@@V?$format_validation_base@DV?$string_output_adapter@D@__crt_stdio_output@@@2@@__crt_stdio_output@@QEAAHXZ 0000000180006dd4 f i libucrt:output.obj
 0001:00005fe8       ?process@?$output_processor@DV?$string_output_adapter@D@__crt_stdio_output@@V?$standard_base@DV?$string_output_adapter@D@__crt_stdio_output@@@2@@__crt_stdio_output@@QEAAHXZ 0000000180006fe8 f i libucrt:output.obj
 0001:000061ec       ?process@?$output_processor@_WV?$stream_output_adapter@_W@__crt_stdio_output@@V?$standard_base@_WV?$stream_output_adapter@_W@__crt_stdio_output@@@2@@__crt_stdio_output@@QEAAHXZ 00000001800071ec f i libucrt:output.obj
 0001:00006464       ?process@?$output_processor@_WV?$string_output_adapter@_W@__crt_stdio_output@@V?$standard_base@_WV?$string_output_adapter@_W@__crt_stdio_output@@@2@@__crt_stdio_output@@QEAAHXZ 0000000180007464 f i libucrt:output.obj
 0001:000066e0       ?state_case_normal@?$output_processor@DV?$string_output_adapter@D@__crt_stdio_output@@V?$format_validation_base@DV?$string_output_adapter@D@__crt_stdio_output@@@2@@__crt_stdio_output@@AEAA_NXZ 00000001800076e0 f i libucrt:output.obj
 0001:000066e0       ?state_case_normal@?$output_processor@DV?$string_output_adapter@D@__crt_stdio_output@@V?$standard_base@DV?$string_output_adapter@D@__crt_stdio_output@@@2@@__crt_stdio_output@@AEAA_NXZ 00000001800076e0 f i libucrt:output.obj
 0001:00006754       ?state_case_normal_tchar@?$output_processor@DV?$string_output_adapter@D@__crt_stdio_output@@V?$standard_base@DV?$string_output_adapter@D@__crt_stdio_output@@@2@@__crt_stdio_output@@AEAA_ND@Z 0000000180007754 f i libucrt:output.obj
 0001:00006754       ?state_case_normal_tchar@?$output_processor@DV?$string_output_adapter@D@__crt_stdio_output@@V?$format_validation_base@DV?$string_output_adapter@D@__crt_stdio_output@@@2@@__crt_stdio_output@@AEAA_ND@Z 0000000180007754 f i libucrt:output.obj
 0001:000067ec       ?state_case_size@?$output_processor@DV?$string_output_adapter@D@__crt_stdio_output@@V?$format_validation_base@DV?$string_output_adapter@D@__crt_stdio_output@@@2@@__crt_stdio_output@@AEAA_NXZ 00000001800077ec f i libucrt:output.obj
 0001:000067ec       ?state_case_size@?$output_processor@DV?$string_output_adapter@D@__crt_stdio_output@@V?$standard_base@DV?$string_output_adapter@D@__crt_stdio_output@@@2@@__crt_stdio_output@@AEAA_NXZ 00000001800077ec f i libucrt:output.obj
 0001:00006968       ?state_case_size@?$output_processor@_WV?$stream_output_adapter@_W@__crt_stdio_output@@V?$standard_base@_WV?$stream_output_adapter@_W@__crt_stdio_output@@@2@@__crt_stdio_output@@AEAA_NXZ 0000000180007968 f i libucrt:output.obj
 0001:00006b0c       ?state_case_size@?$output_processor@_WV?$string_output_adapter@_W@__crt_stdio_output@@V?$standard_base@_WV?$string_output_adapter@_W@__crt_stdio_output@@@2@@__crt_stdio_output@@AEAA_NXZ 0000000180007b0c f i libucrt:output.obj
 0001:00006cb0       ?state_case_type@?$output_processor@DV?$string_output_adapter@D@__crt_stdio_output@@V?$standard_base@DV?$string_output_adapter@D@__crt_stdio_output@@@2@@__crt_stdio_output@@AEAA_NXZ 0000000180007cb0 f i libucrt:output.obj
 0001:00006cb0       ?state_case_type@?$output_processor@DV?$string_output_adapter@D@__crt_stdio_output@@V?$format_validation_base@DV?$string_output_adapter@D@__crt_stdio_output@@@2@@__crt_stdio_output@@AEAA_NXZ 0000000180007cb0 f i libucrt:output.obj
 0001:00006f2c       ?state_case_type@?$output_processor@_WV?$stream_output_adapter@_W@__crt_stdio_output@@V?$standard_base@_WV?$stream_output_adapter@_W@__crt_stdio_output@@@2@@__crt_stdio_output@@AEAA_NXZ 0000000180007f2c f i libucrt:output.obj
 0001:000071f8       ?state_case_type@?$output_processor@_WV?$string_output_adapter@_W@__crt_stdio_output@@V?$standard_base@_WV?$string_output_adapter@_W@__crt_stdio_output@@@2@@__crt_stdio_output@@AEAA_NXZ 00000001800081f8 f i libucrt:output.obj
 0001:000074c4       ?type_case_Z@?$output_processor@DV?$string_output_adapter@D@__crt_stdio_output@@V?$format_validation_base@DV?$string_output_adapter@D@__crt_stdio_output@@@2@@__crt_stdio_output@@AEAA_NXZ 00000001800084c4 f i libucrt:output.obj
 0001:000074c4       ?type_case_Z@?$output_processor@DV?$string_output_adapter@D@__crt_stdio_output@@V?$standard_base@DV?$string_output_adapter@D@__crt_stdio_output@@@2@@__crt_stdio_output@@AEAA_NXZ 00000001800084c4 f i libucrt:output.obj
 0001:00007544       ?type_case_Z@?$output_processor@_WV?$string_output_adapter@_W@__crt_stdio_output@@V?$standard_base@_WV?$string_output_adapter@_W@__crt_stdio_output@@@2@@__crt_stdio_output@@AEAA_NXZ 0000000180008544 f i libucrt:output.obj
 0001:00007544       ?type_case_Z@?$output_processor@_WV?$stream_output_adapter@_W@__crt_stdio_output@@V?$standard_base@_WV?$stream_output_adapter@_W@__crt_stdio_output@@@2@@__crt_stdio_output@@AEAA_NXZ 0000000180008544 f i libucrt:output.obj
 0001:000075c4       ?type_case_a@?$output_processor@DV?$string_output_adapter@D@__crt_stdio_output@@V?$format_validation_base@DV?$string_output_adapter@D@__crt_stdio_output@@@2@@__crt_stdio_output@@AEAA_NXZ 00000001800085c4 f i libucrt:output.obj
 0001:000075c4       ?type_case_a@?$output_processor@DV?$string_output_adapter@D@__crt_stdio_output@@V?$standard_base@DV?$string_output_adapter@D@__crt_stdio_output@@@2@@__crt_stdio_output@@AEAA_NXZ 00000001800085c4 f i libucrt:output.obj
 0001:000077e0       ?type_case_a@?$output_processor@_WV?$string_output_adapter@_W@__crt_stdio_output@@V?$standard_base@_WV?$string_output_adapter@_W@__crt_stdio_output@@@2@@__crt_stdio_output@@AEAA_NXZ 00000001800087e0 f i libucrt:output.obj
 0001:000077e0       ?type_case_a@?$output_processor@_WV?$stream_output_adapter@_W@__crt_stdio_output@@V?$standard_base@_WV?$stream_output_adapter@_W@__crt_stdio_output@@@2@@__crt_stdio_output@@AEAA_NXZ 00000001800087e0 f i libucrt:output.obj
 0001:00007a24       ?type_case_c_tchar@?$output_processor@DV?$string_output_adapter@D@__crt_stdio_output@@V?$format_validation_base@DV?$string_output_adapter@D@__crt_stdio_output@@@2@@__crt_stdio_output@@AEAA_ND@Z 0000000180008a24 f i libucrt:output.obj
 0001:00007a24       ?type_case_c_tchar@?$output_processor@DV?$string_output_adapter@D@__crt_stdio_output@@V?$standard_base@DV?$string_output_adapter@D@__crt_stdio_output@@@2@@__crt_stdio_output@@AEAA_ND@Z 0000000180008a24 f i libucrt:output.obj
 0001:00007ad8       ?type_case_c_tchar@?$output_processor@_WV?$stream_output_adapter@_W@__crt_stdio_output@@V?$standard_base@_WV?$stream_output_adapter@_W@__crt_stdio_output@@@2@@__crt_stdio_output@@AEAA_N_W@Z 0000000180008ad8 f i libucrt:output.obj
 0001:00007ad8       ?type_case_c_tchar@?$output_processor@_WV?$string_output_adapter@_W@__crt_stdio_output@@V?$standard_base@_WV?$string_output_adapter@_W@__crt_stdio_output@@@2@@__crt_stdio_output@@AEAA_N_W@Z 0000000180008ad8 f i libucrt:output.obj
 0001:00007b80       ?type_case_integer@?$output_processor@_WV?$string_output_adapter@_W@__crt_stdio_output@@V?$standard_base@_WV?$string_output_adapter@_W@__crt_stdio_output@@@2@@__crt_stdio_output@@AEAA_NI_N@Z 0000000180008b80 f i libucrt:output.obj
 0001:00007b80       ?type_case_integer@?$output_processor@DV?$string_output_adapter@D@__crt_stdio_output@@V?$standard_base@DV?$string_output_adapter@D@__crt_stdio_output@@@2@@__crt_stdio_output@@AEAA_NI_N@Z 0000000180008b80 f i libucrt:output.obj
 0001:00007b80       ?type_case_integer@?$output_processor@_WV?$stream_output_adapter@_W@__crt_stdio_output@@V?$standard_base@_WV?$stream_output_adapter@_W@__crt_stdio_output@@@2@@__crt_stdio_output@@AEAA_NI_N@Z 0000000180008b80 f i libucrt:output.obj
 0001:00007b80       ?type_case_integer@?$output_processor@DV?$string_output_adapter@D@__crt_stdio_output@@V?$format_validation_base@DV?$string_output_adapter@D@__crt_stdio_output@@@2@@__crt_stdio_output@@AEAA_NI_N@Z 0000000180008b80 f i libucrt:output.obj
 0001:00007d20       ?type_case_n@?$output_processor@DV?$string_output_adapter@D@__crt_stdio_output@@V?$standard_base@DV?$string_output_adapter@D@__crt_stdio_output@@@2@@__crt_stdio_output@@AEAA_NXZ 0000000180008d20 f i libucrt:output.obj
 0001:00007d20       ?type_case_n@?$output_processor@_WV?$string_output_adapter@_W@__crt_stdio_output@@V?$standard_base@_WV?$string_output_adapter@_W@__crt_stdio_output@@@2@@__crt_stdio_output@@AEAA_NXZ 0000000180008d20 f i libucrt:output.obj
 0001:00007d20       ?type_case_n@?$output_processor@_WV?$stream_output_adapter@_W@__crt_stdio_output@@V?$standard_base@_WV?$stream_output_adapter@_W@__crt_stdio_output@@@2@@__crt_stdio_output@@AEAA_NXZ 0000000180008d20 f i libucrt:output.obj
 0001:00007d20       ?type_case_n@?$output_processor@DV?$string_output_adapter@D@__crt_stdio_output@@V?$format_validation_base@DV?$string_output_adapter@D@__crt_stdio_output@@@2@@__crt_stdio_output@@AEAA_NXZ 0000000180008d20 f i libucrt:output.obj
 0001:00007dfc       ?type_case_s@?$output_processor@DV?$string_output_adapter@D@__crt_stdio_output@@V?$standard_base@DV?$string_output_adapter@D@__crt_stdio_output@@@2@@__crt_stdio_output@@AEAA_NXZ 0000000180008dfc f i libucrt:output.obj
 0001:00007dfc       ?type_case_s@?$output_processor@DV?$string_output_adapter@D@__crt_stdio_output@@V?$format_validation_base@DV?$string_output_adapter@D@__crt_stdio_output@@@2@@__crt_stdio_output@@AEAA_NXZ 0000000180008dfc f i libucrt:output.obj
 0001:00007e8c       ?type_case_s@?$output_processor@_WV?$string_output_adapter@_W@__crt_stdio_output@@V?$standard_base@_WV?$string_output_adapter@_W@__crt_stdio_output@@@2@@__crt_stdio_output@@AEAA_NXZ 0000000180008e8c f i libucrt:output.obj
 0001:00007e8c       ?type_case_s@?$output_processor@_WV?$stream_output_adapter@_W@__crt_stdio_output@@V?$standard_base@_WV?$stream_output_adapter@_W@__crt_stdio_output@@@2@@__crt_stdio_output@@AEAA_NXZ 0000000180008e8c f i libucrt:output.obj
 0001:00007f54       ?write_stored_string_tchar@?$output_processor@DV?$string_output_adapter@D@__crt_stdio_output@@V?$standard_base@DV?$string_output_adapter@D@__crt_stdio_output@@@2@@__crt_stdio_output@@AEAA_ND@Z 0000000180008f54 f i libucrt:output.obj
 0001:00007f54       ?write_stored_string_tchar@?$output_processor@DV?$string_output_adapter@D@__crt_stdio_output@@V?$format_validation_base@DV?$string_output_adapter@D@__crt_stdio_output@@@2@@__crt_stdio_output@@AEAA_ND@Z 0000000180008f54 f i libucrt:output.obj
 0001:0000802c       ?write_stored_string_tchar@?$output_processor@_WV?$stream_output_adapter@_W@__crt_stdio_output@@V?$standard_base@_WV?$stream_output_adapter@_W@__crt_stdio_output@@@2@@__crt_stdio_output@@AEAA_N_W@Z 000000018000902c f i libucrt:output.obj
 0001:00008118       ?write_stored_string_tchar@?$output_processor@_WV?$string_output_adapter@_W@__crt_stdio_output@@V?$standard_base@_WV?$string_output_adapter@_W@__crt_stdio_output@@@2@@__crt_stdio_output@@AEAA_N_W@Z 0000000180009118 f i libucrt:output.obj
 0001:00008208       ?write_string@?$stream_output_adapter@_W@__crt_stdio_output@@QEBAXQEB_WHQEAH1@Z 0000000180009208 f i libucrt:output.obj
 0001:00008314       ?write_string@?$string_output_adapter@D@__crt_stdio_output@@QEBAXQEBDHQEAH1@Z 0000000180009314 f i libucrt:output.obj
 0001:000083d0       ?write_string@?$string_output_adapter@_W@__crt_stdio_output@@QEBAXQEB_WHQEAH1@Z 00000001800093d0 f i libucrt:output.obj
 0001:00008490       __stdio_common_vfwprintf   0000000180009490 f   libucrt:output.obj
 0001:0000851c       __stdio_common_vsnprintf_s 000000018000951c f   libucrt:output.obj
 0001:00008678       __stdio_common_vsprintf    0000000180009678 f   libucrt:output.obj
 0001:000088ac       __stdio_common_vswprintf   00000001800098ac f   libucrt:output.obj
 0001:00008b34       _tolower_l                 0000000180009b34 f   libucrt:tolower_toupper.obj
 0001:00008c74       tolower                    0000000180009c74 f   libucrt:tolower_toupper.obj
 0001:00008ca0       realloc                    0000000180009ca0 f   libucrt:realloc.obj
 0001:00008ca8       __acrt_initialize_new_handler 0000000180009ca8 f   libucrt:new_handler.obj
 0001:00008cb0       _callnewh                  0000000180009cb0 f   libucrt:new_handler.obj
 0001:00008cf0       _query_new_handler         0000000180009cf0 f   libucrt:new_handler.obj
 0001:00008d24       _initterm                  0000000180009d24 f   libucrt:initterm.obj
 0001:00008d9c       _initterm_e                0000000180009d9c f   libucrt:initterm.obj
 0001:00008de8       _seh_filter_dll            0000000180009de8 f   libucrt:exception_filter.obj
 0001:00008dfc       _seh_filter_exe            0000000180009dfc f   libucrt:exception_filter.obj
 0001:000091bc       __acrt_initialize_thread_local_exit_callback 000000018000a1bc f   libucrt:exit.obj
 0001:000091c4       _cexit                     000000018000a1c4 f   libucrt:exit.obj
 0001:000091d4       _exit                      000000018000a1d4 f   libucrt:exit.obj
 0001:000091e0       _is_c_termination_complete 000000018000a1e0 f   libucrt:exit.obj
 0001:000093a4       __acrt_allocate_buffer_for_argv 000000018000a3a4 f   libucrt:argv_parsing.obj
 0001:00009408       _configure_narrow_argv     000000018000a408 f   libucrt:argv_parsing.obj
 0001:00009764       __dcrt_uninitialize_environments_nolock 000000018000a764 f   libucrt:environment_initialization.obj
 0001:0000979c       _initialize_narrow_environment 000000018000a79c f   libucrt:environment_initialization.obj
 0001:000097a4       ??$?RV<lambda_b8c45f8f788dd370798f47cfe8ac3a86>@@AEAV<lambda_4e60a939b0d047cfe11ddc22648dfba9>@@V<lambda_332c3edc96d0294ec56c57d38c1cdfd5>@@@?$__crt_seh_guarded_call@H@@QEAAH$$QEAV<lambda_b8c45f8f788dd370798f47cfe8ac3a86>@@AEAV<lambda_4e60a939b0d047cfe11ddc22648dfba9>@@$$QEAV<lambda_332c3edc96d0294ec56c57d38c1cdfd5>@@@Z 000000018000a7a4 f i libucrt:onexit.obj
 0001:000097e0       ??$?RV<lambda_e24bbb7b643b32fcea6fa61b31d4c984>@@AEAV<lambda_275893d493268fdec8709772e3fcec0e>@@V<lambda_9d71df4d7cf3f480f8d633942495c3b0>@@@?$__crt_seh_guarded_call@H@@QEAAH$$QEAV<lambda_e24bbb7b643b32fcea6fa61b31d4c984>@@AEAV<lambda_275893d493268fdec8709772e3fcec0e>@@$$QEAV<lambda_9d71df4d7cf3f480f8d633942495c3b0>@@@Z 000000018000a7e0 f i libucrt:onexit.obj
 0001:00009b5c       _crt_atexit                000000018000ab5c f   libucrt:onexit.obj
 0001:00009b6c       _execute_onexit_table      000000018000ab6c f   libucrt:onexit.obj
 0001:00009ba8       _initialize_onexit_table   000000018000aba8 f   libucrt:onexit.obj
 0001:00009be8       _register_onexit_function  000000018000abe8 f   libucrt:onexit.obj
 0001:00009c68       __acrt_uninitialize_command_line 000000018000ac68 f   libucrt:argv_data.obj
 0001:00009d68       __acrt_initialize          000000018000ad68 f   libucrt:initialization.obj
 0001:00009d7c       __acrt_thread_attach       000000018000ad7c f   libucrt:initialization.obj
 0001:00009d90       __acrt_thread_detach       000000018000ad90 f   libucrt:initialization.obj
 0001:00009da0       __acrt_uninitialize        000000018000ada0 f   libucrt:initialization.obj
 0001:00009db4       __acrt_uninitialize_critical 000000018000adb4 f   libucrt:initialization.obj
 0001:00009dc4       terminate                  000000018000adc4 f   libucrt:terminate.obj
 0001:00009dec       strcpy_s                   000000018000adec f   libucrt:strcpy_s.obj
 0001:00009e4c       _free_base                 000000018000ae4c f   libucrt:free_base.obj
 0001:00009e8c       _malloc_base               000000018000ae8c f   libucrt:malloc_base.obj
 0001:00009eec       abort                      000000018000aeec f   libucrt:abort.obj
 0001:00009f44       _calloc_base               000000018000af44 f   libucrt:calloc_base.obj
 0001:00009fbc       ??$is_overflow_condition@K@__crt_strtox@@YA_NIK@Z 000000018000afbc f i libucrt:atox.obj
 0001:00009fe8       ??$parse_integer@KV?$c_string_character_source@D@__crt_strtox@@@__crt_strtox@@YAKQEAU__crt_locale_pointers@@V?$c_string_character_source@D@0@H_N@Z 000000018000afe8 f i libucrt:atox.obj
 0001:0000a2fc       ??$parse_integer@KV?$c_string_character_source@_W@__crt_strtox@@@__crt_strtox@@YAKQEAU__crt_locale_pointers@@V?$c_string_character_source@_W@0@H_N@Z 000000018000b2fc f i libucrt:atox.obj
 0001:0000a9d0       __acrt_call_reportfault    000000018000b9d0 f   libucrt:invalid_parameter.obj
 0001:0000ab2c       __acrt_initialize_invalid_parameter_handler 000000018000bb2c f   libucrt:invalid_parameter.obj
 0001:0000ab34       _invalid_parameter         000000018000bb34 f   libucrt:invalid_parameter.obj
 0001:0000abdc       _invalid_parameter_noinfo  000000018000bbdc f   libucrt:invalid_parameter.obj
 0001:0000abfc       _invoke_watson             000000018000bbfc f   libucrt:invalid_parameter.obj
 0001:0000ac44       _query_app_type            000000018000bc44 f   libucrt:report_runtime_error.obj
 0001:0000ac4c       __acrt_errno_from_os_error 000000018000bc4c f   libucrt:errno.obj
 0001:0000ac94       __acrt_errno_map_os_error  000000018000bc94 f   libucrt:errno.obj
 0001:0000ace4       __doserrno                 000000018000bce4 f   libucrt:errno.obj
 0001:0000ad04       _errno                     000000018000bd04 f   libucrt:errno.obj
 0001:0000ae4c       _itow_s                    000000018000be4c f   libucrt:xtoa.obj
 0001:0000ae6c       _set_error_mode            000000018000be6c f   libucrt:set_error_mode.obj
 0001:0000aeac       wcscat_s                   000000018000beac f   libucrt:wcscat_s.obj
 0001:0000af2c       wcscpy_s                   000000018000bf2c f   libucrt:wcscpy_s.obj
 0001:0000af94       wcsncat_s                  000000018000bf94 f   libucrt:wcsncat_s.obj
 0001:0000b0bc       __acrt_show_wide_message_box 000000018000c0bc f   libucrt:crtmbox.obj
 0001:0000b1d8       __acrt_initialize_stdio    000000018000c1d8 f   libucrt:_file.obj
 0001:0000b2f8       __acrt_iob_func            000000018000c2f8 f   libucrt:_file.obj
 0001:0000b30c       __acrt_uninitialize_stdio  000000018000c30c f   libucrt:_file.obj
 0001:0000b368       _lock_file                 000000018000c368 f   libucrt:_file.obj
 0001:0000b374       _unlock_file               000000018000c374 f   libucrt:_file.obj
 0001:0000b380       __acrt_stdio_flush_nolock  000000018000c380 f   libucrt:fflush.obj
 0001:0000b3f8       _fflush_nolock             000000018000c3f8 f   libucrt:fflush.obj
 0001:0000b444       _flushall                  000000018000c444 f   libucrt:fflush.obj
 0001:0000b534       fflush                     000000018000c534 f   libucrt:fflush.obj
 0001:0000b578       ??$?RV<lambda_7a5ef57ff966f610505f1d28a3d40618>@@AEAV<lambda_b721fa326cdb32351d23dfa67958c160>@@V<lambda_5e0fb27672408a07956fe59e48ccb2aa>@@@?$__crt_seh_guarded_call@H@@QEAAH$$QEAV<lambda_7a5ef57ff966f610505f1d28a3d40618>@@AEAV<lambda_b721fa326cdb32351d23dfa67958c160>@@$$QEAV<lambda_5e0fb27672408a07956fe59e48ccb2aa>@@@Z 000000018000c578 f i libucrt:setvbuf.obj
 0001:0000b6a8       setvbuf                    000000018000c6a8 f   libucrt:setvbuf.obj
 0001:0000b748       ??$?RV<lambda_c36588078e9f5dfd39652860aa6b3aaf>@@AEAV<lambda_ec61778202f4f5fc7e7711acc23c3bca>@@V<lambda_dc9d2797ccde5d239b4a0efae8ebd7db>@@@?$__crt_seh_guarded_call@P6AXH@Z@@QEAAP6AXH@Z$$QEAV<lambda_c36588078e9f5dfd39652860aa6b3aaf>@@AEAV<lambda_ec61778202f4f5fc7e7711acc23c3bca>@@$$QEAV<lambda_dc9d2797ccde5d239b4a0efae8ebd7db>@@@Z 000000018000c748 f i libucrt:signal.obj
 0001:0000b790       __acrt_get_sigabrt_handler 000000018000c790 f   libucrt:signal.obj
 0001:0000b7c0       __acrt_initialize_signal_handlers 000000018000c7c0 f   libucrt:signal.obj
 0001:0000b7e0       raise                      000000018000c7e0 f   libucrt:signal.obj
 0001:0000ba7c       ??$?RV<lambda_46352004c1216016012b18bd6f87e700>@@AEAV<lambda_3bd07e1a1191394380780325891bf33f>@@V<lambda_334532d3f185bcaa59b5be82d7d22bff>@@@?$__crt_seh_guarded_call@X@@QEAAX$$QEAV<lambda_46352004c1216016012b18bd6f87e700>@@AEAV<lambda_3bd07e1a1191394380780325891bf33f>@@$$QEAV<lambda_334532d3f185bcaa59b5be82d7d22bff>@@@Z 000000018000ca7c f i libucrt:per_thread_data.obj
 0001:0000badc       ??$?RV<lambda_5e887d1dcbef67a5eb4283622ba103bf>@@AEAV<lambda_4466841279450cc726390878d4a41900>@@V<lambda_341c25c0346d94847f1f3c463c57e077>@@@?$__crt_seh_guarded_call@X@@QEAAX$$QEAV<lambda_5e887d1dcbef67a5eb4283622ba103bf>@@AEAV<lambda_4466841279450cc726390878d4a41900>@@$$QEAV<lambda_341c25c0346d94847f1f3c463c57e077>@@@Z 000000018000cadc f i libucrt:per_thread_data.obj
 0001:0000bb24       ??$?RV<lambda_72d1df2b273a38828b1ce30cbf4cdab5>@@AEAV<lambda_876a65b173b8412d3a47c70a915b0cf4>@@V<lambda_41932305e351933ebe8f8be3ed8bb5dc>@@@?$__crt_seh_guarded_call@X@@QEAAX$$QEAV<lambda_72d1df2b273a38828b1ce30cbf4cdab5>@@AEAV<lambda_876a65b173b8412d3a47c70a915b0cf4>@@$$QEAV<lambda_41932305e351933ebe8f8be3ed8bb5dc>@@@Z 000000018000cb24 f i libucrt:per_thread_data.obj
 0001:0000bb64       ??$?RV<lambda_fb3a7dec4e47f37f22dae91bb15c9095>@@AEAV<lambda_698284760c8add0bfb0756c19673e34b>@@V<lambda_dfb8eca1e75fef3034a8fb18dd509707>@@@?$__crt_seh_guarded_call@X@@QEAAX$$QEAV<lambda_fb3a7dec4e47f37f22dae91bb15c9095>@@AEAV<lambda_698284760c8add0bfb0756c19673e34b>@@$$QEAV<lambda_dfb8eca1e75fef3034a8fb18dd509707>@@@Z 000000018000cb64 f i libucrt:per_thread_data.obj
 0001:0000bdf4       __acrt_freeptd             000000018000cdf4 f   libucrt:per_thread_data.obj
 0001:0000be38       __acrt_getptd              000000018000ce38 f   libucrt:per_thread_data.obj
 0001:0000becc       __acrt_getptd_noexit       000000018000cecc f   libucrt:per_thread_data.obj
 0001:0000bf6c       __acrt_initialize_ptd      000000018000cf6c f   libucrt:per_thread_data.obj
 0001:0000bfa8       __acrt_uninitialize_ptd    000000018000cfa8 f   libucrt:per_thread_data.obj
 0001:0000bfcc       __acrt_update_locale_info  000000018000cfcc f   libucrt:locale_update.obj
 0001:0000c000       __acrt_update_multibyte_info 000000018000d000 f   libucrt:locale_update.obj
 0001:0000c034       __acrt_set_locale_changed  000000018000d034 f   libucrt:wsetlocale.obj
 0001:0000c040       __acrt_uninitialize_locale 000000018000d040 f   libucrt:wsetlocale.obj
 0001:0000c088       __pctype_func              000000018000d088 f   libucrt:ctype.obj
 0001:0000c0b8       _isctype_l                 000000018000d0b8 f   libucrt:isctype.obj
 0001:0000c1c8       ??$make_c_string_character_source@DPEAPEAD@__crt_strtox@@YA?AV?$c_string_character_source@D@0@QEBDQEAPEAD@Z 000000018000d1c8 f i libucrt:strtox.obj
 0001:0000c1c8       ??$make_c_string_character_source@_WPEAPEA_W@__crt_strtox@@YA?AV?$c_string_character_source@_W@0@QEB_WQEAPEA_W@Z 000000018000d1c8 f i libucrt:strtox.obj
 0001:0000c1dc       strtol                     000000018000d1dc f   libucrt:strtox.obj
 0001:0000c20c       wcstol                     000000018000d20c f   libucrt:strtox.obj
 0001:0000c23c       _mbtowc_l                  000000018000d23c f   libucrt:mbtowc.obj
 0001:0000c384       mbtowc                     000000018000d384 f   libucrt:mbtowc.obj
 0001:0000c38c       _wctomb_s_l                000000018000d38c f   libucrt:wctomb.obj
 0001:0000c510       wctomb_s                   000000018000d510 f   libucrt:wctomb.obj
 0001:0000c524       strnlen                    000000018000d524 f   libucrt:strnlen.obj
 0001:0000c680       wcsnlen                    000000018000d680 f   libucrt:strnlen.obj
 0001:0000c870       ?__acrt_fp_classify@@YA?AW4__acrt_fp_class@@AEBN@Z 000000018000d870 f i libucrt:cvt.obj
 0001:0000d2a8       __acrt_fp_format           000000018000e2a8 f   libucrt:cvt.obj
 0001:0000d4ec       _fputwc_nolock             000000018000e4ec f   libucrt:fputwc.obj
 0001:0000d668       _fileno                    000000018000e668 f   libucrt:fileno.obj
 0001:0000d690       _fputc_nolock              000000018000e690 f   libucrt:fputc.obj
 0001:0000d6a8       _get_printf_count_output   000000018000e6a8 f   libucrt:printf_count_output.obj
 0001:0000d6c0       __acrt_stdio_begin_temporary_buffering_nolock 000000018000e6c0 f   libucrt:_sftbuf.obj
 0001:0000d790       __acrt_stdio_end_temporary_buffering_nolock 000000018000e790 f   libucrt:_sftbuf.obj
 0001:0000d9b4       __acrt_initialize_lowio    000000018000e9b4 f   libucrt:ioinit.obj
 0001:0000d9f0       __acrt_uninitialize_lowio  000000018000e9f0 f   libucrt:ioinit.obj
 0001:0000da30       _isleadbyte_l              000000018000ea30 f i libucrt:_wctype.obj
 0001:0000ddcc       __acrt_LCMapStringA        000000018000edcc f   libucrt:lcmapstringa.obj
 0001:0000de64       _realloc_base              000000018000ee64 f   libucrt:realloc_base.obj
 0001:0000dee8       __acrt_initialize_locks    000000018000eee8 f   libucrt:locks.obj
 0001:0000df30       __acrt_lock                000000018000ef30 f   libucrt:locks.obj
 0001:0000df4c       __acrt_uninitialize_locks  000000018000ef4c f   libucrt:locks.obj
 0001:0000df84       __acrt_unlock              000000018000ef84 f   libucrt:locks.obj
 0001:0000e140       __acrt_FlsAlloc            000000018000f140 f   libucrt:winapi_thunks.obj
 0001:0000e198       __acrt_FlsFree             000000018000f198 f   libucrt:winapi_thunks.obj
 0001:0000e1f0       __acrt_FlsGetValue         000000018000f1f0 f   libucrt:winapi_thunks.obj
 0001:0000e248       __acrt_FlsSetValue         000000018000f248 f   libucrt:winapi_thunks.obj
 0001:0000e2b0       __acrt_InitializeCriticalSectionEx 000000018000f2b0 f   libucrt:winapi_thunks.obj
 0001:0000e328       __acrt_LCMapStringEx       000000018000f328 f   libucrt:winapi_thunks.obj
 0001:0000e418       __acrt_LocaleNameToLCID    000000018000f418 f   libucrt:winapi_thunks.obj
 0001:0000e480       __acrt_MessageBoxW         000000018000f480 f   libucrt:winapi_thunks.obj
 0001:0000e508       __acrt_can_show_message_box 000000018000f508 f   libucrt:winapi_thunks.obj
 0001:0000e564       __acrt_get_parent_window   000000018000f564 f   libucrt:winapi_thunks.obj
 0001:0000e5f4       __acrt_initialize_winapi_thunks 000000018000f5f4 f   libucrt:winapi_thunks.obj
 0001:0000e62c       __acrt_is_interactive      000000018000f62c f   libucrt:winapi_thunks.obj
 0001:0000e700       __acrt_is_packaged_app     000000018000f700 f   libucrt:winapi_thunks.obj
 0001:0000e788       __acrt_uninitialize_winapi_thunks 000000018000f788 f   libucrt:winapi_thunks.obj
 0001:0000eca8       ?expand_if_necessary@?$argument_list@D@?A0xca0879c4@@AEAAHXZ 000000018000fca8 f i libucrt:argv_wildcards.obj
 0001:0000ed70       __acrt_expand_narrow_argv_wildcards 000000018000fd70 f   libucrt:argv_wildcards.obj
 0001:0000ed78       ??$?RV<lambda_99476a1ad63dd22509b5d3e65b0ffc95>@@AEAV<lambda_ad1ced32f4ac17aa236e5ef05d6b3b7c>@@V<lambda_f7424dd8d45958661754dc4f2697e9c3>@@@?$__crt_seh_guarded_call@X@@QEAAX$$QEAV<lambda_99476a1ad63dd22509b5d3e65b0ffc95>@@AEAV<lambda_ad1ced32f4ac17aa236e5ef05d6b3b7c>@@$$QEAV<lambda_f7424dd8d45958661754dc4f2697e9c3>@@@Z 000000018000fd78 f i libucrt:mbctype.obj
 0001:0000f474       __acrt_initialize_multibyte 0000000180010474 f   libucrt:mbctype.obj
 0001:0000f49c       __acrt_update_thread_multibyte_data 000000018001049c f   libucrt:mbctype.obj
 0001:0000f55c       _setmbcp_nolock            000000018001055c f   libucrt:mbctype.obj
 0001:0000f87c       _ismbblead                 000000018001087c f   libucrt:ismbbyte.obj
 0001:0000f890       __acrt_initialize_command_line 0000000180010890 f   libucrt:argv_data.obj
 0001:0000f8b8       __dcrt_get_narrow_environment_from_os 00000001800108b8 f   libucrt:get_environment_from_os.obj
 0001:0000f9bc       _recalloc                  00000001800109bc f   libucrt:recalloc.obj
 0001:0000f9c4       _recalloc_base             00000001800109c4 f   libucrt:recalloc.obj
 0001:0000fa5c       __acrt_initialize_heap     0000000180010a5c f   libucrt:heap_handle.obj
 0001:0000fa78       __acrt_uninitialize_heap   0000000180010a78 f   libucrt:heap_handle.obj
 0001:0000fa84       __acrt_execute_initializers 0000000180010a84 f   libucrt:shared_initialization.obj
 0001:0000fb18       __acrt_execute_uninitializers 0000000180010b18 f   libucrt:shared_initialization.obj
 0001:0000fb68       __acrt_has_user_matherr    0000000180010b68 f   libucrt:matherr.obj
 0001:0000fb88       __acrt_initialize_user_matherr 0000000180010b88 f   libucrt:matherr.obj
 0001:0000fb90       __acrt_invoke_user_matherr 0000000180010b90 f   libucrt:matherr.obj
 0001:0000fbd8       _query_new_mode            0000000180010bd8 f   libucrt:new_mode.obj
 0001:0000fbe0       iswctype                   0000000180010be0 f   libucrt:iswctype.obj
 0001:0000fc50       _fcloseall                 0000000180010c50 f   libucrt:closeall.obj
 0001:0000fd04       __acrt_stdio_free_buffer_nolock 0000000180010d04 f   libucrt:_freebuf.obj
 0001:0000fd44       ??$?RV<lambda_b521505b218e5242e90febf6bfebc422>@@AEAV<lambda_6978c1fb23f02e42e1d9e99668cc68aa>@@V<lambda_314360699dd331753a4119843814e9a7>@@@?$__crt_seh_guarded_call@H@@QEAAH$$QEAV<lambda_b521505b218e5242e90febf6bfebc422>@@AEAV<lambda_6978c1fb23f02e42e1d9e99668cc68aa>@@$$QEAV<lambda_314360699dd331753a4119843814e9a7>@@@Z 0000000180010d44 f i libucrt:commit.obj
 0001:0000fdd0       _commit                    0000000180010dd0 f   libucrt:commit.obj
 0001:00010404       _write                     0000000180011404 f   libucrt:write.obj
 0001:000104f0       _write_nolock              00000001800114f0 f   libucrt:write.obj
 0001:000107d4       __acrt_add_locale_ref      00000001800117d4 f   libucrt:locale_refcounting.obj
 0001:00010860       __acrt_free_locale         0000000180011860 f   libucrt:locale_refcounting.obj
 0001:000109d8       __acrt_locale_add_lc_time_reference 00000001800119d8 f   libucrt:locale_refcounting.obj
 0001:00010a00       __acrt_locale_free_lc_time_if_unreferenced 0000000180011a00 f   libucrt:locale_refcounting.obj
 0001:00010a38       __acrt_locale_release_lc_time_reference 0000000180011a38 f   libucrt:locale_refcounting.obj
 0001:00010a60       __acrt_release_locale_ref  0000000180011a60 f   libucrt:locale_refcounting.obj
 0001:00010b08       __acrt_update_thread_locale_data 0000000180011b08 f   libucrt:locale_refcounting.obj
 0001:00010b78       _updatetlocinfoEx_nolock   0000000180011b78 f   libucrt:locale_refcounting.obj
 0001:00010be0       __acrt_locale_free_monetary 0000000180011be0 f   libucrt:initmon.obj
 0001:00010cec       __acrt_locale_free_numeric 0000000180011cec f   libucrt:initnum.obj
 0001:00010db0       __acrt_locale_free_time    0000000180011db0 f   libucrt:inittime.obj
 0001:00010eb8       __acrt_GetStringTypeA      0000000180011eb8 f   libucrt:getstringtypea.obj
 0001:0001106c       __acrt_fp_strflt_to_string 000000018001206c f   libucrt:_fptostr.obj
 0001:00011130       ?divide@__crt_strtox@@YA_KAEAUbig_integer@1@AEBU21@@Z 0000000180012130 f i libucrt:cfout.obj
 0001:00011600       __acrt_fltout              0000000180012600 f   libucrt:cfout.obj
 0001:00012c04       __acrt_stdio_flush_and_write_narrow_nolock 0000000180013c04 f   libucrt:_flsbuf.obj
 0001:00012cec       __acrt_stdio_flush_and_write_wide_nolock 0000000180013cec f   libucrt:_flsbuf.obj
 0001:00012dd8       _isatty                    0000000180013dd8 f   libucrt:isatty.obj
 0001:00012e38       __acrt_lowio_create_handle_array 0000000180013e38 f   libucrt:osfinfo.obj
 0001:00012ed0       __acrt_lowio_destroy_handle_array 0000000180013ed0 f   libucrt:osfinfo.obj
 0001:00012f20       __acrt_lowio_ensure_fh_exists 0000000180013f20 f   libucrt:osfinfo.obj
 0001:00012fd8       __acrt_lowio_lock_fh       0000000180013fd8 f   libucrt:osfinfo.obj
 0001:00012ffc       __acrt_lowio_unlock_fh     0000000180013ffc f   libucrt:osfinfo.obj
 0001:00013020       _free_osfhnd               0000000180014020 f   libucrt:osfinfo.obj
 0001:000130dc       _get_osfhandle             00000001800140dc f   libucrt:osfinfo.obj
 0001:00013154       __strncnt                  0000000180014154 f   libucrt:strncnt.obj
 0001:00013234       __acrt_DownlevelLocaleNameToLCID 0000000180014234 f   libucrt:lcidtoname_downlevel.obj
 0001:00013340       qsort                      0000000180014340 f   libucrt:qsort.obj
 0001:00013674       strncpy_s                  0000000180014674 f   libucrt:strncpy_s.obj
 0001:00013748       strpbrk                    0000000180014748 f   libucrt:strpbrk.obj
 0001:000137e8       _mbsdec                    00000001800147e8 f   libucrt:mbsdec.obj
 0001:000137f0       _mbsdec_l                  00000001800147f0 f   libucrt:mbsdec.obj
 0001:000138a0       _msize                     00000001800148a0 f   libucrt:msize.obj
 0001:000138dc       _fclose_nolock             00000001800148dc f   libucrt:fclose.obj
 0001:00013960       fclose                     0000000180014960 f   libucrt:fclose.obj
 0001:00013b58       _lseeki64                  0000000180014b58 f   libucrt:lseek.obj
 0001:00013b60       _lseeki64_nolock           0000000180014b60 f   libucrt:lseek.obj
 0001:00013b68       _putwch_nolock             0000000180014b68 f   libucrt:putwch.obj
 0001:00013bc4       fegetenv                   0000000180014bc4 f   libucrt:fegetenv.obj
 0001:00013be4       fesetenv                   0000000180014be4 f   libucrt:fesetenv.obj
 0001:00013c30       feholdexcept               0000000180014c30 f   libucrt:feholdexcept.obj
 0001:00013c80       ceil                       0000000180014c80 f   libucrt:ceil.obj
 0001:00013d50       log10                      0000000180014d50 f   libucrt:log10.obj
 0001:000142fc       __acrt_stdio_allocate_buffer_nolock 00000001800152fc f   libucrt:_getbuf.obj
 0001:00014360       ??$?RV<lambda_bfedae4ebbf01fab1bb6dcc6a9e276e0>@@AEAV<lambda_2fe9b910cf3cbf4a0ab98a02ba45b3ec>@@V<lambda_237c231691f317818eb88cc1d5d642d6>@@@?$__crt_seh_guarded_call@H@@QEAAH$$QEAV<lambda_bfedae4ebbf01fab1bb6dcc6a9e276e0>@@AEAV<lambda_2fe9b910cf3cbf4a0ab98a02ba45b3ec>@@$$QEAV<lambda_237c231691f317818eb88cc1d5d642d6>@@@Z 0000000180015360 f i libucrt:close.obj
 0001:000143d4       _close                     00000001800153d4 f   libucrt:close.obj
 0001:00014478       _close_nolock              0000000180015478 f   libucrt:close.obj
 0001:00014534       ?__acrt_stdio_free_stream@@YAXV__crt_stdio_stream@@@Z 0000000180015534 f   libucrt:stream.obj
 0001:00014578       __dcrt_lowio_initialize_console_output 0000000180015578 f   libucrt:initcon.obj
 0001:000145b4       __dcrt_terminate_console_output 00000001800155b4 f   libucrt:initcon.obj
 0001:000145d4       _getfpcontrolword          00000001800155d4 f   libucrt:_fenvutils.obj
 0001:000145ec       _getfpstatusword           00000001800155ec f   libucrt:_fenvutils.obj
 0001:00014600       _setfpcontrolword          0000000180015600 f   libucrt:_fenvutils.obj
 0001:0001460c       _setfpstatusword           000000018001560c f   libucrt:_fenvutils.obj
 0001:0001465c       _clearfp                   000000018001565c f   libucrt:ieee.obj
 0001:000146b0       _controlfp                 00000001800156b0 f   libucrt:ieee.obj
 0001:000146bc       _statusfp                  00000001800156bc f   libucrt:ieee.obj
 0001:00014ac0       _handle_error              0000000180015ac0 f   libucrt:libm_error.obj
 0001:00014be8       _handle_nan                0000000180015be8 f   libucrt:libm_error.obj
 0001:00014c10       __acrt_initialize_fma3     0000000180015c10 f   libucrt:fma3_available.obj
 0001:00014c80       _log10_special             0000000180015c80 f   libucrt:log_special.obj
 0001:00014d50       _get_fpsr                  0000000180015d50 f   libucrt:fpsr.obj
 0001:00014d60       _set_fpsr                  0000000180015d60 f   libucrt:fpsr.obj
 0001:00014d6a       _fclrf                     0000000180015d6a f   libucrt:fpsr.obj
 0001:00014d7e       _frnd                      0000000180015d7e f   libucrt:fpsr.obj
 0001:00014da0       _raise_exc                 0000000180015da0 f   libucrt:fpexcept.obj
 0001:00014dc8       _raise_exc_ex              0000000180015dc8 f   libucrt:fpexcept.obj
 0001:000150d0       _set_errno_from_matherr    00000001800160d0 f   libucrt:fpexcept.obj
 0001:00015100       _clrfp                     0000000180016100 f   libucrt:fpctrl.obj
 0001:00015120       _ctrlfp                    0000000180016120 f   libucrt:fpctrl.obj
 0001:0001519c       _set_statfp                000000018001619c f   libucrt:fpctrl.obj
 0001:000151bc       _statfp                    00000001800161bc f   libucrt:fpctrl.obj
 0001:000151ce       IsProcessorFeaturePresent  00000001800161ce f   kernel32:KERNEL32.dll
 0001:000151d4       RtlUnwindEx                00000001800161d4 f   kernel32:KERNEL32.dll
 0001:000151e0       _FindPESection             00000001800161e0 f   LIBCMT:pesect.obj
 0001:00015230       _IsNonwritableInCurrentImage 0000000180016230 f   LIBCMT:pesect.obj
 0001:00015280       _ValidateImageBase         0000000180016280 f   LIBCMT:pesect.obj
 0001:000152b0       __GSHandlerCheck           00000001800162b0 f   LIBCMT:_gshandler_.obj
 0001:000152d0       __GSHandlerCheckCommon     00000001800162d0 f   LIBCMT:_gshandler_.obj
 0001:00015340       _alloca_probe              0000000180016340 f   LIBCMT:_chkstk_.obj
 0001:00015340       __chkstk                   0000000180016340 f   LIBCMT:_chkstk_.obj
 0001:000153b0       memcmp                     00000001800163b0 f   libvcruntime:memcmp.obj
 0001:00015478       strrchr                    0000000180016478 f   libvcruntime:strrchr.obj
 0001:000155d0       _guard_dispatch_icall_nop  00000001800165d0 f   LIBCMT:_guard_dispatch_.obj
 0002:00000000       __imp_SetFilePointerEx     0000000180017000     kernel32:KERNEL32.dll
 0002:00000008       __imp_HeapSize             0000000180017008     kernel32:KERNEL32.dll
 0002:00000010       __imp_SetStdHandle         0000000180017010     kernel32:KERNEL32.dll
 0002:00000018       __imp_GetConsoleMode       0000000180017018     kernel32:KERNEL32.dll
 0002:00000020       __imp_GetConsoleCP         0000000180017020     kernel32:KERNEL32.dll
 0002:00000028       __imp_FlushFileBuffers     0000000180017028     kernel32:KERNEL32.dll
 0002:00000030       __imp_GetStringTypeW       0000000180017030     kernel32:KERNEL32.dll
 0002:00000038       __imp_GetProcessHeap       0000000180017038     kernel32:KERNEL32.dll
 0002:00000040       __imp_FreeEnvironmentStringsW 0000000180017040     kernel32:KERNEL32.dll
 0002:00000048       __imp_GetEnvironmentStringsW 0000000180017048     kernel32:KERNEL32.dll
 0002:00000050       __imp_GetCommandLineW      0000000180017050     kernel32:KERNEL32.dll
 0002:00000058       __imp_GetCommandLineA      0000000180017058     kernel32:KERNEL32.dll
 0002:00000060       __imp_GetCPInfo            0000000180017060     kernel32:KERNEL32.dll
 0002:00000068       __imp_GetOEMCP             0000000180017068     kernel32:KERNEL32.dll
 0002:00000070       __imp_IsValidCodePage      0000000180017070     kernel32:KERNEL32.dll
 0002:00000078       __imp_FindNextFileA        0000000180017078     kernel32:KERNEL32.dll
 0002:00000080       __imp_FindFirstFileExA     0000000180017080     kernel32:KERNEL32.dll
 0002:00000088       __imp_FindClose            0000000180017088     kernel32:KERNEL32.dll
 0002:00000090       __imp_LCMapStringW         0000000180017090     kernel32:KERNEL32.dll
 0002:00000098       __imp_HeapReAlloc          0000000180017098     kernel32:KERNEL32.dll
 0002:000000a0       __imp_GetACP               00000001800170a0     kernel32:KERNEL32.dll
 0002:000000a8       __imp_CreateThread         00000001800170a8     kernel32:KERNEL32.dll
 0002:000000b0       __imp_WaitForSingleObjectEx 00000001800170b0     kernel32:KERNEL32.dll
 0002:000000b8       __imp_CloseHandle          00000001800170b8     kernel32:KERNEL32.dll
 0002:000000c0       __imp_OutputDebugStringW   00000001800170c0     kernel32:KERNEL32.dll
 0002:000000c8       __imp_WriteFile            00000001800170c8     kernel32:KERNEL32.dll
 0002:000000d0       __imp_HeapAlloc            00000001800170d0     kernel32:KERNEL32.dll
 0002:000000d8       __imp_HeapFree             00000001800170d8     kernel32:KERNEL32.dll
 0002:000000e0       __imp_WideCharToMultiByte  00000001800170e0     kernel32:KERNEL32.dll
 0002:000000e8       __imp_MultiByteToWideChar  00000001800170e8     kernel32:KERNEL32.dll
 0002:000000f0       __imp_ExitProcess          00000001800170f0     kernel32:KERNEL32.dll
 0002:000000f8       __imp_WriteConsoleW        00000001800170f8     kernel32:KERNEL32.dll
 0002:00000100       __imp_GetModuleHandleExW   0000000180017100     kernel32:KERNEL32.dll
 0002:00000108       __imp_GetModuleFileNameW   0000000180017108     kernel32:KERNEL32.dll
 0002:00000110       __imp_GetModuleFileNameA   0000000180017110     kernel32:KERNEL32.dll
 0002:00000118       __imp_GetFileType          0000000180017118     kernel32:KERNEL32.dll
 0002:00000120       __imp_GetStdHandle         0000000180017120     kernel32:KERNEL32.dll
 0002:00000128       __imp_LoadLibraryExW       0000000180017128     kernel32:KERNEL32.dll
 0002:00000130       __imp_GetProcAddress       0000000180017130     kernel32:KERNEL32.dll
 0002:00000138       __imp_FreeLibrary          0000000180017138     kernel32:KERNEL32.dll
 0002:00000140       __imp_TlsFree              0000000180017140     kernel32:KERNEL32.dll
 0002:00000148       __imp_TlsSetValue          0000000180017148     kernel32:KERNEL32.dll
 0002:00000150       __imp_TlsGetValue          0000000180017150     kernel32:KERNEL32.dll
 0002:00000158       __imp_TlsAlloc             0000000180017158     kernel32:KERNEL32.dll
 0002:00000160       __imp_InitializeCriticalSectionAndSpinCount 0000000180017160     kernel32:KERNEL32.dll
 0002:00000168       __imp_DeleteCriticalSection 0000000180017168     kernel32:KERNEL32.dll
 0002:00000170       __imp_LeaveCriticalSection 0000000180017170     kernel32:KERNEL32.dll
 0002:00000178       __imp_EnterCriticalSection 0000000180017178     kernel32:KERNEL32.dll
 0002:00000180       __imp_RtlCaptureContext    0000000180017180     kernel32:KERNEL32.dll
 0002:00000188       __imp_RtlLookupFunctionEntry 0000000180017188     kernel32:KERNEL32.dll
 0002:00000190       __imp_RtlVirtualUnwind     0000000180017190     kernel32:KERNEL32.dll
 0002:00000198       __imp_UnhandledExceptionFilter 0000000180017198     kernel32:KERNEL32.dll
 0002:000001a0       __imp_SetUnhandledExceptionFilter 00000001800171a0     kernel32:KERNEL32.dll
 0002:000001a8       __imp_GetCurrentProcess    00000001800171a8     kernel32:KERNEL32.dll
 0002:000001b0       __imp_TerminateProcess     00000001800171b0     kernel32:KERNEL32.dll
 0002:000001b8       __imp_IsProcessorFeaturePresent 00000001800171b8     kernel32:KERNEL32.dll
 0002:000001c0       __imp_QueryPerformanceCounter 00000001800171c0     kernel32:KERNEL32.dll
 0002:000001c8       __imp_GetCurrentProcessId  00000001800171c8     kernel32:KERNEL32.dll
 0002:000001d0       __imp_GetCurrentThreadId   00000001800171d0     kernel32:KERNEL32.dll
 0002:000001d8       __imp_GetSystemTimeAsFileTime 00000001800171d8     kernel32:KERNEL32.dll
 0002:000001e0       __imp_InitializeSListHead  00000001800171e0     kernel32:KERNEL32.dll
 0002:000001e8       __imp_IsDebuggerPresent    00000001800171e8     kernel32:KERNEL32.dll
 0002:000001f0       __imp_GetStartupInfoW      00000001800171f0     kernel32:KERNEL32.dll
 0002:000001f8       __imp_GetModuleHandleW     00000001800171f8     kernel32:KERNEL32.dll
 0002:00000200       __imp_RtlUnwindEx          0000000180017200     kernel32:KERNEL32.dll
 0002:00000208       __imp_RtlPcToFileHeader    0000000180017208     kernel32:KERNEL32.dll
 0002:00000210       __imp_RaiseException       0000000180017210     kernel32:KERNEL32.dll
 0002:00000218       __imp_InterlockedFlushSList 0000000180017218     kernel32:KERNEL32.dll
 0002:00000220       __imp_GetLastError         0000000180017220     kernel32:KERNEL32.dll
 0002:00000228       __imp_SetLastError         0000000180017228     kernel32:KERNEL32.dll
 0002:00000230       __imp_CreateFileW          0000000180017230     kernel32:KERNEL32.dll
 0002:00000238       \177KERNEL32_NULL_THUNK_DATA 0000000180017238     kernel32:KERNEL32.dll
 0002:00000240       __imp_?ToString@Value@v8@@QEBA?AV?$Local@VString@v8@@@2@XZ 0000000180017240     iojs:node.dll
 0002:00000248       __imp_?Length@Buffer@node@@YA_KV?$Local@VObject@v8@@@v8@@@Z 0000000180017248     iojs:node.dll
 0002:00000250       __imp_?Copy@Buffer@node@@YA?AV?$MaybeLocal@VObject@v8@@@v8@@PEAVIsolate@4@PEBD_K@Z 0000000180017250     iojs:node.dll
 0002:00000258       __imp_?Data@Buffer@node@@YAPEADV?$Local@VObject@v8@@@v8@@@Z 0000000180017258     iojs:node.dll
 0002:00000260       __imp_?HasInstance@Buffer@node@@YA_NV?$Local@VValue@v8@@@v8@@@Z 0000000180017260     iojs:node.dll
 0002:00000268       __imp_?New@ObjectTemplate@v8@@SA?AV?$Local@VObjectTemplate@v8@@@2@PEAVIsolate@2@V?$Local@VFunctionTemplate@v8@@@2@@Z 0000000180017268     iojs:node.dll
 0002:00000270       __imp_?NewInstance@ObjectTemplate@v8@@QEAA?AV?$MaybeLocal@VObject@v8@@@2@V?$Local@VContext@v8@@@2@@Z 0000000180017270     iojs:node.dll
 0002:00000278       __imp_?SetInternalFieldCount@ObjectTemplate@v8@@QEAAXH@Z 0000000180017278     iojs:node.dll
 0002:00000280       __imp_?Set@Object@v8@@QEAA_NIV?$Local@VValue@v8@@@2@@Z 0000000180017280     iojs:node.dll
 0002:00000288       __imp_?Set@Object@v8@@QEAA?AV?$Maybe@_N@2@V?$Local@VContext@v8@@@2@V?$Local@VValue@v8@@@2@1@Z 0000000180017288     iojs:node.dll
 0002:00000290       __imp_?Get@Object@v8@@QEAA?AV?$MaybeLocal@VValue@v8@@@2@V?$Local@VContext@v8@@@2@V?$Local@VValue@v8@@@2@@Z 0000000180017290     iojs:node.dll
 0002:00000298       __imp_?InternalFieldCount@Object@v8@@QEAAHXZ 0000000180017298     iojs:node.dll
 0002:000002a0       __imp_?SetInternalField@Object@v8@@QEAAXHV?$Local@VValue@v8@@@2@@Z 00000001800172a0     iojs:node.dll
 0002:000002a8       __imp_?SetAlignedPointerInInternalField@Object@v8@@QEAAXHPEAX@Z 00000001800172a8     iojs:node.dll
 0002:000002b0       __imp_?SlowGetInternalField@Object@v8@@AEAA?AV?$Local@VValue@v8@@@2@H@Z 00000001800172b0     iojs:node.dll
 0002:000002b8       __imp_?SlowGetAlignedPointerFromInternalField@Object@v8@@AEAAPEAXH@Z 00000001800172b8     iojs:node.dll
 0002:000002c0       __imp_?New@Number@v8@@SA?AV?$Local@VNumber@v8@@@2@PEAVIsolate@2@N@Z 00000001800172c0     iojs:node.dll
 0002:000002c8       __imp_?Length@String@v8@@QEBAHXZ 00000001800172c8     iojs:node.dll
 0002:000002d0       __imp_?WriteUtf8@String@v8@@QEBAHPEADHPEAHH@Z 00000001800172d0     iojs:node.dll
 0002:000002d8       __imp_?NewFromUtf8@String@v8@@SA?AV?$MaybeLocal@VString@v8@@@2@PEAVIsolate@2@PEBDW4NewStringType@2@H@Z 00000001800172d8     iojs:node.dll
 0002:000002e0       __imp_??0EscapableHandleScope@v8@@QEAA@PEAVIsolate@1@@Z 00000001800172e0     iojs:node.dll
 0002:000002e8       __imp_?Escape@EscapableHandleScope@v8@@AEAAPEAPEAVObject@internal@2@PEAPEAV342@@Z 00000001800172e8     iojs:node.dll
 0002:000002f0       __imp_?IsArray@Value@v8@@QEBA_NXZ 00000001800172f0     iojs:node.dll
 0002:000002f8       __imp_?IsObject@Value@v8@@QEBA_NXZ 00000001800172f8     iojs:node.dll
 0002:00000300       __imp_?IsBoolean@Value@v8@@QEBA_NXZ 0000000180017300     iojs:node.dll
 0002:00000308       __imp_?BooleanValue@Value@v8@@QEBA?AV?$Maybe@_N@2@V?$Local@VContext@v8@@@2@@Z 0000000180017308     iojs:node.dll
 0002:00000310       __imp_?GlobalizeReference@V8@v8@@CAPEAPEAVObject@internal@2@PEAVIsolate@42@PEAPEAV342@@Z 0000000180017310     iojs:node.dll
 0002:00000318       __imp_?DisposeGlobal@V8@v8@@CAXPEAPEAVObject@internal@2@@Z 0000000180017318     iojs:node.dll
 0002:00000320       __imp_?MakeWeak@V8@v8@@CAXPEAPEAVObject@internal@2@PEAXP6AXAEBV?$WeakCallbackInfo@X@2@@ZW4WeakCallbackType@2@@Z 0000000180017320     iojs:node.dll
 0002:00000328       __imp_?ClearWeak@V8@v8@@CAPEAXPEAPEAVObject@internal@2@@Z 0000000180017328     iojs:node.dll
 0002:00000330       __imp_?FromJustIsNothing@V8@v8@@CAXXZ 0000000180017330     iojs:node.dll
 0002:00000338       __imp_?ToLocalEmpty@V8@v8@@CAXXZ 0000000180017338     iojs:node.dll
 0002:00000340       __imp_?New@FunctionTemplate@v8@@SA?AV?$Local@VFunctionTemplate@v8@@@2@PEAVIsolate@2@P6AXAEBV?$FunctionCallbackInfo@VValue@v8@@@2@@ZV?$Local@VValue@v8@@@2@V?$Local@VSignature@v8@@@2@HW4ConstructorBehavior@2@@Z 0000000180017340     iojs:node.dll
 0002:00000348       __imp_?GetFunction@FunctionTemplate@v8@@QEAA?AV?$MaybeLocal@VFunction@v8@@@2@V?$Local@VContext@v8@@@2@@Z 0000000180017348     iojs:node.dll
 0002:00000350       __imp_?InstanceTemplate@FunctionTemplate@v8@@QEAA?AV?$Local@VObjectTemplate@v8@@@2@XZ 0000000180017350     iojs:node.dll
 0002:00000358       __imp_?PrototypeTemplate@FunctionTemplate@v8@@QEAA?AV?$Local@VObjectTemplate@v8@@@2@XZ 0000000180017358     iojs:node.dll
 0002:00000360       __imp_?SetClassName@FunctionTemplate@v8@@QEAAXV?$Local@VString@v8@@@2@@Z 0000000180017360     iojs:node.dll
 0002:00000368       __imp_?New@Array@v8@@SA?AV?$Local@VArray@v8@@@2@PEAVIsolate@2@H@Z 0000000180017368     iojs:node.dll
 0002:00000370       __imp_?TypeError@Exception@v8@@SA?AV?$Local@VValue@v8@@@2@V?$Local@VString@v8@@@2@@Z 0000000180017370     iojs:node.dll
 0002:00000378       __imp_?Error@Exception@v8@@SA?AV?$Local@VValue@v8@@@2@V?$Local@VString@v8@@@2@@Z 0000000180017378     iojs:node.dll
 0002:00000380       __imp_?Set@Template@v8@@QEAAXV?$Local@VName@v8@@@2@V?$Local@VData@v8@@@2@W4PropertyAttribute@2@@Z 0000000180017380     iojs:node.dll
 0002:00000388       __imp_??0HandleScope@v8@@QEAA@PEAVIsolate@1@@Z 0000000180017388     iojs:node.dll
 0002:00000390       __imp_??1HandleScope@v8@@QEAA@XZ 0000000180017390     iojs:node.dll
 0002:00000398       __imp_?CreateHandle@HandleScope@v8@@CAPEAPEAVObject@internal@2@PEAVHeapObject@42@PEAV342@@Z 0000000180017398     iojs:node.dll
 0002:000003a0       __imp_?CreateHandle@HandleScope@v8@@KAPEAPEAVObject@internal@2@PEAVIsolate@42@PEAV342@@Z 00000001800173a0     iojs:node.dll
 0002:000003a8       __imp_?GetCurrent@Isolate@v8@@SAPEAV12@XZ 00000001800173a8     iojs:node.dll
 0002:000003b0       __imp_?GetCurrentContext@Isolate@v8@@QEAA?AV?$Local@VContext@v8@@@2@XZ 00000001800173b0     iojs:node.dll
 0002:000003b8       __imp_?ThrowException@Isolate@v8@@QEAA?AV?$Local@VValue@v8@@@2@V32@@Z 00000001800173b8     iojs:node.dll
 0002:000003c0       __imp_?New@Signature@v8@@SA?AV?$Local@VSignature@v8@@@2@PEAVIsolate@2@V?$Local@VFunctionTemplate@v8@@@2@@Z 00000001800173c0     iojs:node.dll
 0002:000003c8       __imp_?New@External@v8@@SA?AV?$Local@VExternal@v8@@@2@PEAVIsolate@2@PEAX@Z 00000001800173c8     iojs:node.dll
 0002:000003d0       __imp_?Value@External@v8@@QEBAPEAXXZ 00000001800173d0     iojs:node.dll
 0002:000003d8       __imp_node_module_register 00000001800173d8     iojs:node.dll
 0002:000003e0       \177node_NULL_THUNK_DATA   00000001800173e0     iojs:node.dll
 0002:000003e8       __guard_check_icall_fptr   00000001800173e8     LIBCMT:guard_support.obj
 0002:000003f0       __guard_dispatch_icall_fptr 00000001800173f0     LIBCMT:guard_support.obj
 0002:000003f8       __xc_a                     00000001800173f8     LIBCMT:initializers.obj
 0002:00000400       _register_hiredis_         0000000180017400     hiredis.obj
 0002:00000408       __xc_z                     0000000180017408     LIBCMT:initializers.obj
 0002:00000410       __xi_a                     0000000180017410     LIBCMT:initializers.obj
 0002:00000418       __acrt_stdio_initializer   0000000180017418     libucrt:stdio_initializer.obj
 0002:00000420       __acrt_multibyte_initializer 0000000180017420     libucrt:multibyte_initializer.obj
 0002:00000428       __acrt_tran_fma3_initializer 0000000180017428     libucrt:fma3_initializer.obj
 0002:00000430       __xi_z                     0000000180017430     LIBCMT:initializers.obj
 0002:00000438       __xp_a                     0000000180017438     LIBCMT:initializers.obj
 0002:00000440       __acrt_locale_terminator   0000000180017440     libucrt:locale_initializer.obj
 0002:00000448       __dcrt_console_output_terminator 0000000180017448     libucrt:console_output_initializer.obj
 0002:00000450       __acrt_stdio_terminator    0000000180017450     libucrt:stdio_initializer.obj
 0002:00000458       __xp_z                     0000000180017458     LIBCMT:initializers.obj
 0002:00000460       __xt_a                     0000000180017460     LIBCMT:initializers.obj
 0002:00000468       __xt_z                     0000000180017468     LIBCMT:initializers.obj
 0002:00000470       _pRawDllMain               0000000180017470     LIBCMT:dll_dllmain.obj
 0002:00000470       _pDefaultRawDllMain        0000000180017470     LIBCMT:dll_dllmain.obj
 0002:00000490       ??_7exception@std@@6B@     0000000180017490     LIBCMT:throw_bad_alloc.obj
 0002:000004a0       ??_C@_0BC@EOODALEL@Unknown?5exception?$AA@ 00000001800174a0     LIBCMT:throw_bad_alloc.obj
 0002:000004c0       ??_7bad_alloc@std@@6B@     00000001800174c0     LIBCMT:throw_bad_alloc.obj
 0002:000004d0       ??_C@_0P@GHFPNOJB@bad?5allocation?$AA@ 00000001800174d0     LIBCMT:throw_bad_alloc.obj
 0002:000004e8       ??_7bad_array_new_length@std@@6B@ 00000001800174e8     LIBCMT:throw_bad_alloc.obj
 0002:000004f8       ??_C@_0BF@KINCDENJ@bad?5array?5new?5length?$AA@ 00000001800174f8     LIBCMT:throw_bad_alloc.obj
 0002:00000518       ??_7type_info@@6B@         0000000180017518     LIBCMT:std_type_info_static.obj
 0002:00000580       ??_C@_1BC@DNHGCMLG@?$AAa?$AAd?$AAv?$AAa?$AAp?$AAi?$AA3?$AA2?$AA?$AA@ 0000000180017580     libvcruntime:winapi_downlevel.obj
 0002:00000598       ??_C@_1DM@KHCHBNEB@?$AAa?$AAp?$AAi?$AA?9?$AAm?$AAs?$AA?9?$AAw?$AAi?$AAn?$AA?9?$AAc?$AAo?$AAr?$AAe?$AA?9?$AAf?$AAi?$AAb?$AAe?$AAr?$AAs?$AA?9?$AAl?$AA1?$AA?9?$AA1?$AA?9?$AA1?$AA?$AA@ 0000000180017598     libvcruntime:winapi_downlevel.obj
 0002:000005d8       ??_C@_1DK@LPPGFMPP@?$AAa?$AAp?$AAi?$AA?9?$AAm?$AAs?$AA?9?$AAw?$AAi?$AAn?$AA?9?$AAc?$AAo?$AAr?$AAe?$AA?9?$AAs?$AAy?$AAn?$AAc?$AAh?$AA?9?$AAl?$AA1?$AA?9?$AA2?$AA?9?$AA0?$AA?$AA@ 00000001800175d8     libvcruntime:winapi_downlevel.obj
 0002:00000618       ??_C@_1BC@GDMECMAK@?$AAk?$AAe?$AAr?$AAn?$AAe?$AAl?$AA3?$AA2?$AA?$AA@ 0000000180017618     libvcruntime:winapi_downlevel.obj
 0002:00000638       ??_C@_08KNHFBNJ@FlsAlloc?$AA@ 0000000180017638     libvcruntime:winapi_downlevel.obj
 0002:00000650       ??_C@_07PEJMOBNF@FlsFree?$AA@ 0000000180017650     libvcruntime:winapi_downlevel.obj
 0002:00000660       ??_C@_0M@GDNOONDI@FlsGetValue?$AA@ 0000000180017660     libvcruntime:winapi_downlevel.obj
 0002:00000678       ??_C@_0M@JCPCPOEF@FlsSetValue?$AA@ 0000000180017678     libvcruntime:winapi_downlevel.obj
 0002:00000690       ??_C@_0BM@HCFOFFN@InitializeCriticalSectionEx?$AA@ 0000000180017690     libvcruntime:winapi_downlevel.obj
 0002:000009d0       ??_C@_08EHJDFFNH@__based?$CI?$AA@ 00000001800179d0     libvcruntime:undname.obj
 0002:000009e0       ??_C@_07KOLFKCDI@__cdecl?$AA@ 00000001800179e0     libvcruntime:undname.obj
 0002:000009e8       ??_C@_08GHMPAG@__pascal?$AA@ 00000001800179e8     libvcruntime:undname.obj
 0002:000009f8       ??_C@_09IFJBGAPI@__stdcall?$AA@ 00000001800179f8     libvcruntime:undname.obj
 0002:00000a08       ??_C@_0L@NPHFGOKO@__thiscall?$AA@ 0000000180017a08     libvcruntime:undname.obj
 0002:00000a18       ??_C@_0L@JMKHOMEK@__fastcall?$AA@ 0000000180017a18     libvcruntime:undname.obj
 0002:00000a28       ??_C@_0N@BCKKPABJ@__vectorcall?$AA@ 0000000180017a28     libvcruntime:undname.obj
 0002:00000a38       ??_C@_09HIJEGCPM@__clrcall?$AA@ 0000000180017a38     libvcruntime:undname.obj
 0002:00000a44       ??_C@_06GHPCKEAG@__eabi?$AA@ 0000000180017a44     libvcruntime:undname.obj
 0002:00000a50       ??_C@_07JOMMBBKO@__ptr64?$AA@ 0000000180017a50     libvcruntime:undname.obj
 0002:00000a58       ??_C@_0L@PILCLIHE@__restrict?$AA@ 0000000180017a58     libvcruntime:undname.obj
 0002:00000a68       ??_C@_0M@GFIIJFMG@__unaligned?$AA@ 0000000180017a68     libvcruntime:undname.obj
 0002:00000a78       ??_C@_09DHDLOLLB@restrict?$CI?$AA@ 0000000180017a78     libvcruntime:undname.obj
 0002:00000a84       ??_C@_04NIHEBCM@?5new?$AA@ 0000000180017a84     libvcruntime:undname.obj
 0002:00000a90       ??_C@_07FPCDHGMM@?5delete?$AA@ 0000000180017a90     libvcruntime:undname.obj
 0002:00000a98       ??_C@_01NEMOKFLO@?$DN?$AA@ 0000000180017a98     libvcruntime:undname.obj
 0002:00000a9c       ??_C@_02GPIOPFAK@?$DO?$DO?$AA@ 0000000180017a9c     libvcruntime:undname.obj
 0002:00000aa0       ??_C@_02FODMEDOG@?$DM?$DM?$AA@ 0000000180017aa0     libvcruntime:undname.obj
 0002:00000aa4       ??_C@_01DCLJPIOD@?$CB?$AA@ 0000000180017aa4     libvcruntime:undname.obj
 0002:00000aa8       ??_C@_02EGOFBIJA@?$DN?$DN?$AA@ 0000000180017aa8     libvcruntime:undname.obj
 0002:00000aac       ??_C@_02FDNJECIE@?$CB?$DN?$AA@ 0000000180017aac     libvcruntime:undname.obj
 0002:00000ab0       ??_C@_02GPECMEKF@?$FL?$FN?$AA@ 0000000180017ab0     libvcruntime:undname.obj
 0002:00000ab8       ??_C@_08LHJFAFGD@operator?$AA@ 0000000180017ab8     libvcruntime:undname.obj
 0002:00000ac4       ??_C@_02HBOOOICD@?9?$DO?$AA@ 0000000180017ac4     libvcruntime:undname.obj
 0002:00000ac8       ??_C@_01NBENCBCI@?$CK?$AA@ 0000000180017ac8     libvcruntime:undname.obj
 0002:00000acc       ??_C@_02ECNGHCIF@?$CL?$CL?$AA@ 0000000180017acc     libvcruntime:undname.obj
 0002:00000ad0       ??_C@_02BAABKJLB@?9?9?$AA@ 0000000180017ad0     libvcruntime:undname.obj
 0002:00000ad4       ??_C@_01JOAMLHOP@?9?$AA@   0000000180017ad4     libvcruntime:undname.obj
 0002:00000ad8       ??_C@_01MIFGBAGJ@?$CL?$AA@ 0000000180017ad8     libvcruntime:undname.obj
 0002:00000adc       ??_C@_01HNPIGOCE@?$CG?$AA@ 0000000180017adc     libvcruntime:undname.obj
 0002:00000ae0       ??_C@_03MNHNFDLC@?9?$DO?$CK?$AA@ 0000000180017ae0     libvcruntime:undname.obj
 0002:00000ae4       ??_C@_01KMDKNFGN@?1?$AA@   0000000180017ae4     libvcruntime:undname.obj
 0002:00000ae8       ??_C@_01FGNFDNOH@?$CF?$AA@ 0000000180017ae8     libvcruntime:undname.obj
[...]
 0004:00000f90       $pdata$?setSBUpLow@@YAXPEAU__crt_multibyte_data@@@Z 0000000180025f90     libucrt:mbctype.obj
 0004:00000f9c       $pdata$?setmbcp_internal@@YAHH_N@Z 0000000180025f9c     libucrt:mbctype.obj
 0004:00000fa8       $pdata$__acrt_initialize_multibyte 0000000180025fa8     libucrt:mbctype.obj
 0004:00000fb4       $pdata$__acrt_update_thread_multibyte_data 0000000180025fb4     libucrt:mbctype.obj
 0004:00000fc0       $pdata$_setmbcp_nolock     0000000180025fc0     libucrt:mbctype.obj
 0004:00000fcc       $pdata$?x_ismbbtype_l@@YAHPEAU__crt_locale_pointers@@IHH@Z 0000000180025fcc     libucrt:ismbbyte.obj
 0004:00000fd8       $pdata$__acrt_initialize_command_line 0000000180025fd8     libucrt:argv_data.obj
 0004:00000fe4       $pdata$__dcrt_get_narrow_environment_from_os 0000000180025fe4     libucrt:get_environment_from_os.obj
 0004:00000ff0       $pdata$_recalloc_base      0000000180025ff0     libucrt:recalloc.obj
 0004:00000ffc       $pdata$__acrt_initialize_heap 0000000180025ffc     libucrt:heap_handle.obj
 0004:00001008       $pdata$__acrt_execute_initializers 0000000180026008     libucrt:shared_initialization.obj
 0004:00001014       $pdata$__acrt_execute_uninitializers 0000000180026014     libucrt:shared_initialization.obj
 0004:00001020       $pdata$__acrt_invoke_user_matherr 0000000180026020     libucrt:matherr.obj
 0004:0000102c       $pdata$iswctype            000000018002602c     libucrt:iswctype.obj
 0004:00001038       $pdata$_fcloseall          0000000180026038     libucrt:closeall.obj
 0004:00001044       $pdata$__acrt_stdio_free_buffer_nolock 0000000180026044     libucrt:_freebuf.obj
 0004:00001050       $pdata$??$?RV<lambda_b521505b218e5242e90febf6bfebc422>@@AEAV<lambda_6978c1fb23f02e42e1d9e99668cc68aa>@@V<lambda_314360699dd331753a4119843814e9a7>@@@?$__crt_seh_guarded_call@H@@QEAAH$$QEAV<lambda_b521505b218e5242e90febf6bfebc422>@@AEAV<lambda_6978c1fb23f02e42e1d9e99668cc68aa>@@$$QEAV<lambda_314360699dd331753a4119843814e9a7>@@@Z 0000000180026050     libucrt:commit.obj
 0004:0000105c       $pdata$_commit             000000018002605c     libucrt:commit.obj
 0004:00001068       $pdata$?write_double_translated_ansi_nolock@@YA?AUwrite_result@?A0x9c548279@@HQEBDI@Z 0000000180026068     libucrt:write.obj
 0004:00001074       $pdata$?write_text_ansi_nolock@@YA?AUwrite_result@?A0x9c548279@@HQEBDI@Z 0000000180026074     libucrt:write.obj
 0004:00001080       $pdata$?write_text_utf16le_nolock@@YA?AUwrite_result@?A0x9c548279@@HQEBDI@Z 0000000180026080     libucrt:write.obj
 0004:0000108c       $pdata$?write_text_utf8_nolock@@YA?AUwrite_result@?A0x9c548279@@HQEBDI@Z 000000018002608c     libucrt:write.obj
 0004:00001098       $pdata$_write              0000000180026098     libucrt:write.obj
 0004:000010a4       $pdata$_write_nolock       00000001800260a4     libucrt:write.obj
 0004:000010b0       $pdata$__acrt_free_locale  00000001800260b0     libucrt:locale_refcounting.obj
 0004:000010bc       $pdata$__acrt_locale_free_lc_time_if_unreferenced 00000001800260bc     libucrt:locale_refcounting.obj
 0004:000010c8       $pdata$__acrt_release_locale_ref 00000001800260c8     libucrt:locale_refcounting.obj
 0004:000010d4       $pdata$__acrt_update_thread_locale_data 00000001800260d4     libucrt:locale_refcounting.obj
 0004:000010e0       $pdata$_updatetlocinfoEx_nolock 00000001800260e0     libucrt:locale_refcounting.obj
 0004:000010ec       $pdata$__acrt_locale_free_monetary 00000001800260ec     libucrt:initmon.obj
 0004:000010f8       $pdata$__acrt_locale_free_numeric 00000001800260f8     libucrt:initnum.obj
 0004:00001104       $pdata$?free_crt_array_internal@@YAXQEAPEBX_K@Z 0000000180026104     libucrt:inittime.obj
 0004:00001110       $pdata$__acrt_locale_free_time 0000000180026110     libucrt:inittime.obj
 0004:0000111c       $pdata$__acrt_GetStringTypeA 000000018002611c     libucrt:getstringtypea.obj
 0004:00001128       $pdata$__acrt_fp_strflt_to_string 0000000180026128     libucrt:_fptostr.obj
 0004:00001134       $pdata$?divide@__crt_strtox@@YA_KAEAUbig_integer@1@AEBU21@@Z 0000000180026134     libucrt:cfout.obj
 0004:00001140       $pdata$5$?divide@__crt_strtox@@YA_KAEAUbig_integer@1@AEBU21@@Z 0000000180026140     libucrt:cfout.obj
 0004:0000114c       $pdata$6$?divide@__crt_strtox@@YA_KAEAUbig_integer@1@AEBU21@@Z 000000018002614c     libucrt:cfout.obj
 0004:00001158       $pdata$__acrt_fltout       0000000180026158     libucrt:cfout.obj
 0004:00001164       $pdata$memcpy_s            0000000180026164     libucrt:cfout.obj
 0004:00001170       $pdata$??$write_buffer_nolock@D@@YA_NDV__crt_stdio_stream@@@Z 0000000180026170     libucrt:_flsbuf.obj
 0004:0000117c       $pdata$??$write_buffer_nolock@_W@@YA_N_WV__crt_stdio_stream@@@Z 000000018002617c     libucrt:_flsbuf.obj
 0004:00001188       $pdata$__acrt_stdio_flush_and_write_narrow_nolock 0000000180026188     libucrt:_flsbuf.obj
 0004:00001194       $pdata$__acrt_stdio_flush_and_write_wide_nolock 0000000180026194     libucrt:_flsbuf.obj
 0004:000011a0       $pdata$_isatty             00000001800261a0     libucrt:isatty.obj
 0004:000011ac       $pdata$__acrt_lowio_create_handle_array 00000001800261ac     libucrt:osfinfo.obj
 0004:000011b8       $pdata$__acrt_lowio_destroy_handle_array 00000001800261b8     libucrt:osfinfo.obj
 0004:000011c4       $pdata$__acrt_lowio_ensure_fh_exists 00000001800261c4     libucrt:osfinfo.obj
 0004:000011d0       $pdata$_free_osfhnd        00000001800261d0     libucrt:osfinfo.obj
 0004:000011dc       $pdata$_get_osfhandle      00000001800261dc     libucrt:osfinfo.obj
 0004:000011e8       $pdata$?GetTableIndexFromLocaleName@@YAHPEB_W@Z 00000001800261e8     libucrt:lcidtoname_downlevel.obj
 0004:000011f4       $pdata$__acrt_DownlevelLocaleNameToLCID 00000001800261f4     libucrt:lcidtoname_downlevel.obj
 0004:00001200       $pdata$?shortsort@@YAXPEAD0_KP6AHPEBX2@Z@Z 0000000180026200     libucrt:qsort.obj
 0004:0000120c       $pdata$2$?shortsort@@YAXPEAD0_KP6AHPEBX2@Z@Z 000000018002620c     libucrt:qsort.obj
 0004:00001218       $pdata$3$?shortsort@@YAXPEAD0_KP6AHPEBX2@Z@Z 0000000180026218     libucrt:qsort.obj
 0004:00001224       $pdata$qsort               0000000180026224     libucrt:qsort.obj
 0004:00001230       $pdata$4$qsort             0000000180026230     libucrt:qsort.obj
 0004:0000123c       $pdata$5$qsort             000000018002623c     libucrt:qsort.obj
 0004:00001248       $pdata$strncpy_s           0000000180026248     libucrt:strncpy_s.obj
 0004:00001254       $pdata$strpbrk             0000000180026254     libucrt:strpbrk.obj
 0004:00001260       $pdata$_mbsdec_l           0000000180026260     libucrt:mbsdec.obj
 0004:0000126c       $pdata$?initialize_multibyte@@YAHXZ 000000018002626c     libucrt:multibyte_initializer.obj
 0004:00001278       $pdata$_msize              0000000180026278     libucrt:msize.obj
 0004:00001284       $pdata$_fclose_nolock      0000000180026284     libucrt:fclose.obj
 0004:00001290       $pdata$fclose              0000000180026290     libucrt:fclose.obj
 0004:0000129c       $pdata$??$common_lseek@_J@@YA_JH_JH@Z 000000018002629c     libucrt:lseek.obj
 0004:000012a8       $pdata$??$common_lseek_nolock@_J@@YA_JH_JH@Z 00000001800262a8     libucrt:lseek.obj
 0004:000012b4       $pdata$_putwch_nolock      00000001800262b4     libucrt:putwch.obj
 0004:000012c0       $pdata$fegetenv            00000001800262c0     libucrt:fegetenv.obj
 0004:000012cc       $pdata$fesetenv            00000001800262cc     libucrt:fesetenv.obj
 0004:000012d8       $pdata$feholdexcept        00000001800262d8     libucrt:feholdexcept.obj
 0004:000012f0       $pdata$__acrt_stdio_allocate_buffer_nolock 00000001800262f0     libucrt:_getbuf.obj
 0004:000012fc       $pdata$??$?RV<lambda_bfedae4ebbf01fab1bb6dcc6a9e276e0>@@AEAV<lambda_2fe9b910cf3cbf4a0ab98a02ba45b3ec>@@V<lambda_237c231691f317818eb88cc1d5d642d6>@@@?$__crt_seh_guarded_call@H@@QEAAH$$QEAV<lambda_bfedae4ebbf01fab1bb6dcc6a9e276e0>@@AEAV<lambda_2fe9b910cf3cbf4a0ab98a02ba45b3ec>@@$$QEAV<lambda_237c231691f317818eb88cc1d5d642d6>@@@Z 00000001800262fc     libucrt:close.obj
 0004:00001308       $pdata$_close              0000000180026308     libucrt:close.obj
 0004:00001314       $pdata$_close_nolock       0000000180026314     libucrt:close.obj
 0004:00001320       $pdata$__dcrt_lowio_initialize_console_output 0000000180026320     libucrt:initcon.obj
 0004:0000132c       $pdata$__dcrt_terminate_console_output 000000018002632c     libucrt:initcon.obj
 0004:00001338       $pdata$_getfpcontrolword   0000000180026338     libucrt:_fenvutils.obj
 0004:00001344       $pdata$_getfpstatusword    0000000180026344     libucrt:_fenvutils.obj
 0004:00001350       $pdata$_setfpstatusword    0000000180026350     libucrt:_fenvutils.obj
 0004:0000135c       $pdata$_clearfp            000000018002635c     libucrt:ieee.obj
 0004:00001368       $pdata$common_control87    0000000180026368     libucrt:ieee.obj
 0004:00001374       $pdata$_call_matherr       0000000180026374     libucrt:libm_error.obj
 0004:00001380       $pdata$_exception_enabled  0000000180026380     libucrt:libm_error.obj
 0004:0000138c       $pdata$_handle_error       000000018002638c     libucrt:libm_error.obj
 0004:00001398       $pdata$__acrt_initialize_fma3 0000000180026398     libucrt:fma3_available.obj
 0004:000013a4       $pdata$_log10_special      00000001800263a4     libucrt:log_special.obj
 0004:000013b0       $pdata$_log_special_common 00000001800263b0     libucrt:log_special.obj
 0004:000013c8       $pdata$_raise_exc          00000001800263c8     libucrt:fpexcept.obj
 0004:000013d4       $pdata$_raise_exc_ex       00000001800263d4     libucrt:fpexcept.obj
 0004:000013e0       $pdata$_set_errno_from_matherr 00000001800263e0     libucrt:fpexcept.obj
 0004:000013ec       $pdata$_clrfp              00000001800263ec     libucrt:fpctrl.obj
 0004:000013f8       $pdata$_ctrlfp             00000001800263f8     libucrt:fpctrl.obj
 0004:00001404       $pdata$_set_statfp         0000000180026404     libucrt:fpctrl.obj
 0004:00001410       $pdata$_statfp             0000000180026410     libucrt:fpctrl.obj
 0004:0000141c       $pdata$_IsNonwritableInCurrentImage 000000018002641c     LIBCMT:pesect.obj
 0004:00001428       $pdata$__GSHandlerCheck    0000000180026428     LIBCMT:_gshandler_.obj
 0004:00001434       $pdata$__GSHandlerCheckCommon 0000000180026434     LIBCMT:_gshandler_.obj
 0004:00001458       $pdata$strrchr             0000000180026458     libvcruntime:strrchr.obj
 0004:00001470       $pdata$?fin$0@?0??dllmain_crt_process_attach@@YAHQEAUHINSTANCE__@@QEAX@Z@4HA 0000000180026470     LIBCMT:dll_dllmain.obj
 0004:0000147c       $pdata$?fin$0@?0??dllmain_crt_process_detach@@YAH_N@Z@4HA 000000018002647c     LIBCMT:dll_dllmain.obj
 0004:00001488       $pdata$?filt$0@?0??dllmain_dispatch@@YAHQEAUHINSTANCE__@@KQEAX@Z@4HA 0000000180026488     LIBCMT:dll_dllmain.obj
 0004:00001494       $pdata$__scrt_is_nonwritable_in_current_image$filt$0 0000000180026494     LIBCMT:utility.obj
 0004:000014a0       $pdata$?fin$0@?0???$?RV<lambda_7a5ef57ff966f610505f1d28a3d40618>@@AEAV<lambda_b721fa326cdb32351d23dfa67958c160>@@V<lambda_5e0fb27672408a07956fe59e48ccb2aa>@@@?$__crt_seh_guarded_call@H@@QEAAH$$QEAV<lambda_7a5ef57ff966f610505f1d28a3d40618>@@AEAV<lambda_b721fa326cdb32351d23dfa67958c160>@@$$QEAV<lambda_5e0fb27672408a07956fe59e48ccb2aa>@@@Z@4HA 00000001800264a0     libucrt:setvbuf.obj
 0004:000014a0       $pdata$?fin$0@?0???$?RV<lambda_7b91131dde12e1c3dfc74ff76b3f2eac>@@AEAV<lambda_dd75445284c072d0bd3768540cc698fa>@@V<lambda_16bc4ecb55b4718497c16bceaea2ceaf>@@@?$__crt_seh_guarded_call@H@@QEAAH$$QEAV<lambda_7b91131dde12e1c3dfc74ff76b3f2eac>@@AEAV<lambda_dd75445284c072d0bd3768540cc698fa>@@$$QEAV<lambda_16bc4ecb55b4718497c16bceaea2ceaf>@@@Z@4HA 00000001800264a0     libucrt:output.obj
 0004:000014ac       $pdata$_query_new_handler$fin$0 00000001800264ac     libucrt:new_handler.obj
 0004:000014b8       $pdata$?filt$0@?0??common_exit@@YAXHW4_crt_exit_cleanup_mode@@W4_crt_exit_return_mode@@@Z@4HA 00000001800264b8     libucrt:exit.obj
 0004:000014c4       $pdata$?fin$1@?0??common_exit@@YAXHW4_crt_exit_cleanup_mode@@W4_crt_exit_return_mode@@@Z@4HA 00000001800264c4     libucrt:exit.obj
 0004:000014d0       $pdata$?fin$0@?0???$?RV<lambda_72d1df2b273a38828b1ce30cbf4cdab5>@@AEAV<lambda_876a65b173b8412d3a47c70a915b0cf4>@@V<lambda_41932305e351933ebe8f8be3ed8bb5dc>@@@?$__crt_seh_guarded_call@X@@QEAAX$$QEAV<lambda_72d1df2b273a38828b1ce30cbf4cdab5>@@AEAV<lambda_876a65b173b8412d3a47c70a915b0cf4>@@$$QEAV<lambda_41932305e351933ebe8f8be3ed8bb5dc>@@@Z@4HA 00000001800264d0     libucrt:per_thread_data.obj
 0004:000014d0       $pdata$?fin$0@?0???$?RV<lambda_fb3a7dec4e47f37f22dae91bb15c9095>@@AEAV<lambda_698284760c8add0bfb0756c19673e34b>@@V<lambda_dfb8eca1e75fef3034a8fb18dd509707>@@@?$__crt_seh_guarded_call@X@@QEAAX$$QEAV<lambda_fb3a7dec4e47f37f22dae91bb15c9095>@@AEAV<lambda_698284760c8add0bfb0756c19673e34b>@@$$QEAV<lambda_dfb8eca1e75fef3034a8fb18dd509707>@@@Z@4HA 00000001800264d0     libucrt:per_thread_data.obj
 0004:000014d0       $pdata$?fin$0@?0???$?RV<lambda_5e887d1dcbef67a5eb4283622ba103bf>@@AEAV<lambda_4466841279450cc726390878d4a41900>@@V<lambda_341c25c0346d94847f1f3c463c57e077>@@@?$__crt_seh_guarded_call@X@@QEAAX$$QEAV<lambda_5e887d1dcbef67a5eb4283622ba103bf>@@AEAV<lambda_4466841279450cc726390878d4a41900>@@$$QEAV<lambda_341c25c0346d94847f1f3c463c57e077>@@@Z@4HA 00000001800264d0     libucrt:per_thread_data.obj
 0004:000014d0       $pdata$?fin$0@?0???$?RV<lambda_99476a1ad63dd22509b5d3e65b0ffc95>@@AEAV<lambda_ad1ced32f4ac17aa236e5ef05d6b3b7c>@@V<lambda_f7424dd8d45958661754dc4f2697e9c3>@@@?$__crt_seh_guarded_call@X@@QEAAX$$QEAV<lambda_99476a1ad63dd22509b5d3e65b0ffc95>@@AEAV<lambda_ad1ced32f4ac17aa236e5ef05d6b3b7c>@@$$QEAV<lambda_f7424dd8d45958661754dc4f2697e9c3>@@@Z@4HA 00000001800264d0     libucrt:mbctype.obj
 0004:000014d0       $pdata$?fin$0@?0???$?RV<lambda_b8c45f8f788dd370798f47cfe8ac3a86>@@AEAV<lambda_4e60a939b0d047cfe11ddc22648dfba9>@@V<lambda_332c3edc96d0294ec56c57d38c1cdfd5>@@@?$__crt_seh_guarded_call@H@@QEAAH$$QEAV<lambda_b8c45f8f788dd370798f47cfe8ac3a86>@@AEAV<lambda_4e60a939b0d047cfe11ddc22648dfba9>@@$$QEAV<lambda_332c3edc96d0294ec56c57d38c1cdfd5>@@@Z@4HA 00000001800264d0     libucrt:onexit.obj
 0004:000014d0       $pdata$?fin$0@?0???$?RV<lambda_46352004c1216016012b18bd6f87e700>@@AEAV<lambda_3bd07e1a1191394380780325891bf33f>@@V<lambda_334532d3f185bcaa59b5be82d7d22bff>@@@?$__crt_seh_guarded_call@X@@QEAAX$$QEAV<lambda_46352004c1216016012b18bd6f87e700>@@AEAV<lambda_3bd07e1a1191394380780325891bf33f>@@$$QEAV<lambda_334532d3f185bcaa59b5be82d7d22bff>@@@Z@4HA 00000001800264d0     libucrt:per_thread_data.obj
 0004:000014d0       $pdata$?fin$0@?0???$?RV<lambda_c36588078e9f5dfd39652860aa6b3aaf>@@AEAV<lambda_ec61778202f4f5fc7e7711acc23c3bca>@@V<lambda_dc9d2797ccde5d239b4a0efae8ebd7db>@@@?$__crt_seh_guarded_call@P6AXH@Z@@QEAAP6AXH@Z$$QEAV<lambda_c36588078e9f5dfd39652860aa6b3aaf>@@AEAV<lambda_ec61778202f4f5fc7e7711acc23c3bca>@@$$QEAV<lambda_dc9d2797ccde5d239b4a0efae8ebd7db>@@@Z@4HA 00000001800264d0     libucrt:signal.obj
 0004:000014dc       $pdata$?fin$0@?0???$?RV<lambda_e24bbb7b643b32fcea6fa61b31d4c984>@@AEAV<lambda_275893d493268fdec8709772e3fcec0e>@@V<lambda_9d71df4d7cf3f480f8d633942495c3b0>@@@?$__crt_seh_guarded_call@H@@QEAAH$$QEAV<lambda_e24bbb7b643b32fcea6fa61b31d4c984>@@AEAV<lambda_275893d493268fdec8709772e3fcec0e>@@$$QEAV<lambda_9d71df4d7cf3f480f8d633942495c3b0>@@@Z@4HA 00000001800264dc     libucrt:onexit.obj
 0004:000014e8       $pdata$common_flush_all$fin$0 00000001800264e8     libucrt:fflush.obj
 0004:000014f4       $pdata$common_flush_all$fin$1 00000001800264f4     libucrt:fflush.obj
 0004:00001500       $pdata$raise$fin$0         0000000180026500     libucrt:signal.obj
 0004:0000150c       $pdata$__acrt_lowio_ensure_fh_exists$fin$0 000000018002650c     libucrt:osfinfo.obj
 0004:0000150c       $pdata$__acrt_initialize_lowio$fin$0 000000018002650c     libucrt:ioinit.obj
 0004:00001518       $pdata$__acrt_update_thread_multibyte_data$fin$0 0000000180026518     libucrt:mbctype.obj
 0004:00001524       $pdata$_fcloseall$fin$0    0000000180026524     libucrt:closeall.obj
 0004:00001530       $pdata$?fin$0@?0???$?RV<lambda_b521505b218e5242e90febf6bfebc422>@@AEAV<lambda_6978c1fb23f02e42e1d9e99668cc68aa>@@V<lambda_314360699dd331753a4119843814e9a7>@@@?$__crt_seh_guarded_call@H@@QEAAH$$QEAV<lambda_b521505b218e5242e90febf6bfebc422>@@AEAV<lambda_6978c1fb23f02e42e1d9e99668cc68aa>@@$$QEAV<lambda_314360699dd331753a4119843814e9a7>@@@Z@4HA 0000000180026530     libucrt:commit.obj
 0004:00001530       $pdata$?fin$0@?0???$?RV<lambda_bfedae4ebbf01fab1bb6dcc6a9e276e0>@@AEAV<lambda_2fe9b910cf3cbf4a0ab98a02ba45b3ec>@@V<lambda_237c231691f317818eb88cc1d5d642d6>@@@?$__crt_seh_guarded_call@H@@QEAAH$$QEAV<lambda_bfedae4ebbf01fab1bb6dcc6a9e276e0>@@AEAV<lambda_2fe9b910cf3cbf4a0ab98a02ba45b3ec>@@$$QEAV<lambda_237c231691f317818eb88cc1d5d642d6>@@@Z@4HA 0000000180026530     libucrt:close.obj
 0004:0000153c       $pdata$_write$fin$0        000000018002653c     libucrt:write.obj
 0004:0000153c       $pdata$?fin$0@?0???$common_lseek@_J@@YA_JH_JH@Z@4HA 000000018002653c     libucrt:lseek.obj
 0004:00001548       $pdata$__acrt_uninitialize_locale$fin$0 0000000180026548     libucrt:wsetlocale.obj
 0004:00001548       $pdata$__acrt_update_thread_locale_data$fin$0 0000000180026548     libucrt:locale_refcounting.obj
 0004:00001554       $pdata$fflush$fin$0        0000000180026554     libucrt:fflush.obj
 0004:00001554       $pdata$fclose$fin$0        0000000180026554     libucrt:fclose.obj
 0004:00001560       $pdata$_ctrlfp$filt$0      0000000180026560     libucrt:fpctrl.obj
 0004:00001560       $pdata$common_control87$filt$0 0000000180026560     libucrt:ieee.obj
 0004:0000156c       $pdata$_IsNonwritableInCurrentImage$filt$0 000000018002656c     LIBCMT:pesect.obj
 0005:00000000       __guard_fids__             0000000180027000     libucrt:initialization.obj
 0005:00000060       __guard_fids___acrt_show_wide_message_box 0000000180027060     libucrt:crtmbox.obj
 0005:00000064       __guard_fids___acrt_initialize_ptd 0000000180027064     libucrt:per_thread_data.obj
 0005:00000068       __guard_fids_??$expand_argument_wildcards@D@@YAHQEAD0AEAV?$argument_list@D@?A0xca0879c4@@@Z 0000000180027068     libucrt:argv_wildcards.obj
 0005:0000006c       __guard_fids__             000000018002706c     libucrt:stdio_initializer.obj
 0005:00000070       __guard_fids__             0000000180027070     libucrt:stdio_initializer.obj
 0005:00000074       __guard_fids__             0000000180027074     libucrt:locale_initializer.obj
 0005:00000078       __guard_fids__             0000000180027078     libucrt:multibyte_initializer.obj
 0005:0000007c       __guard_fids__             000000018002707c     libucrt:console_output_initializer.obj
 0005:00000080       __guard_fids__             0000000180027080     libucrt:fma3_initializer.obj
 0005:00000084       __guard_fids_?dllmain_crt_process_attach@@YAHQEAUHINSTANCE__@@QEAX@Z 0000000180027084     LIBCMT:dll_dllmain.obj
 0005:0000008c       __guard_fids_?dllmain_dispatch@@YAHQEAUHINSTANCE__@@KQEAX@Z 000000018002708c     LIBCMT:dll_dllmain.obj
 0005:00000090       __guard_fids__             0000000180027090     LIBCMT:throw_bad_alloc.obj
 0005:00000098       __guard_fids__             0000000180027098     LIBCMT:throw_bad_alloc.obj
 0005:000000a0       __guard_fids__             00000001800270a0     LIBCMT:throw_bad_alloc.obj
 0005:000000a8       __guard_fids__             00000001800270a8     LIBCMT:std_type_info_static.obj
 0005:000000ac       __guard_fids__             00000001800270ac     LIBCMT:guard_support.obj
 0005:000000b0       __guard_fids___vcrt_initialize_ptd 00000001800270b0     libvcruntime:per_thread_data.obj
 0006:00000060       $R000000                   0000000180028060     * linker generated manifest res *

 Exports

  ordinal    name

        1    _register_hiredis_
